16:00:01 **** Build of configuration Debug for project STM32_FreeRTOS_Tasks_Delete ****
make -j8 all 
Building file: ../startup/startup_stm32.s
Building file: ../src/main.c
Building file: ../src/syscalls.c
Building file: ../src/system_stm32f4xx.c
Building file: ../Third-Party/FreeRTOS/org/Source/portable/MemMang/heap_4.c
Building file: ../Third-Party/FreeRTOS/org/Source/portable/GCC/ARM_CM4F/port.c
Invoking: MCU GCC Assembler
Invoking: MCU GCC Compiler
Invoking: MCU GCC Compiler
Invoking: MCU GCC Compiler
Building file: ../Third-Party/FreeRTOS/org/Source/croutine.c
Invoking: MCU GCC Compiler
Invoking: MCU GCC Compiler
Building file: ../Third-Party/FreeRTOS/org/Source/event_groups.c
D:\MS\E-Courses\Mastering RTOS\RTOS_Workspace\STM32_FreeRTOS_Tasks_Delete\Debug
D:\MS\E-Courses\Mastering RTOS\RTOS_Workspace\STM32_FreeRTOS_Tasks_Delete\Debug
arm-none-eabi-as -mcpu=cortex-m4 -mthumb -mfloat-abi=hard -mfpu=fpv4-sp-d16 -I"D:/MS/E-Courses/Mastering RTOS/RTOS_Workspace/STM32_FreeRTOS_Tasks_Delete/StdPeriph_Driver/inc" -I"D:/MS/E-Courses/Mastering RTOS/RTOS_Workspace/STM32_FreeRTOS_Tasks_Delete/inc" -I"D:/MS/E-Courses/Mastering RTOS/RTOS_Workspace/STM32_FreeRTOS_Tasks_Delete/CMSIS/device" -I"D:/MS/E-Courses/Mastering RTOS/RTOS_Workspace/STM32_FreeRTOS_Tasks_Delete/CMSIS/core" -g -o "startup/startup_stm32.o" "../startup/startup_stm32.s"
D:\MS\E-Courses\Mastering RTOS\RTOS_Workspace\STM32_FreeRTOS_Tasks_Delete\Debug
D:\MS\E-Courses\Mastering RTOS\RTOS_Workspace\STM32_FreeRTOS_Tasks_Delete\Debug
Invoking: MCU GCC Compiler
arm-none-eabi-gcc -mcpu=cortex-m4 -mthumb -mfloat-abi=hard -mfpu=fpv4-sp-d16 -DSTM32 -DSTM32F4 -DSTM32F446RETx -DNUCLEO_F446RE -DDEBUG -DSTM32F446xx -DUSE_STDPERIPH_DRIVER -I"D:/MS/E-Courses/Mastering RTOS/RTOS_Workspace/STM32_FreeRTOS_Tasks_Delete/Third-Party/FreeRTOS/org/Source/include" -I"D:/MS/E-Courses/Mastering RTOS/RTOS_Workspace/STM32_FreeRTOS_Tasks_Delete/Config" -I"D:/MS/E-Courses/Mastering RTOS/RTOS_Workspace/STM32_FreeRTOS_Tasks_Delete/Third-Party/FreeRTOS/org/Source/portable/GCC/ARM_CM4F" -I"D:/MS/E-Courses/Mastering RTOS/RTOS_Workspace/STM32_FreeRTOS_Tasks_Delete/StdPeriph_Driver/inc" -I"D:/MS/E-Courses/Mastering RTOS/RTOS_Workspace/STM32_FreeRTOS_Tasks_Delete/inc" -I"D:/MS/E-Courses/Mastering RTOS/RTOS_Workspace/STM32_FreeRTOS_Tasks_Delete/CMSIS/device" -I"D:/MS/E-Courses/Mastering RTOS/RTOS_Workspace/STM32_FreeRTOS_Tasks_Delete/CMSIS/core" -O0 -g3 -Wall -fmessage-length=0 -ffunction-sections -c -MMD -MP -MF"src/system_stm32f4xx.d" -MT"src/system_stm32f4xx.o" -o "src/system_stm32f4xx.o" "../src/system_stm32f4xx.c"
D:\MS\E-Courses\Mastering RTOS\RTOS_Workspace\STM32_FreeRTOS_Tasks_Delete\Debug
arm-none-eabi-gcc -mcpu=cortex-m4 -mthumb -mfloat-abi=hard -mfpu=fpv4-sp-d16 -DSTM32 -DSTM32F4 -DSTM32F446RETx -DNUCLEO_F446RE -DDEBUG -DSTM32F446xx -DUSE_STDPERIPH_DRIVER -I"D:/MS/E-Courses/Mastering RTOS/RTOS_Workspace/STM32_FreeRTOS_Tasks_Delete/Third-Party/FreeRTOS/org/Source/include" -I"D:/MS/E-Courses/Mastering RTOS/RTOS_Workspace/STM32_FreeRTOS_Tasks_Delete/Config" -I"D:/MS/E-Courses/Mastering RTOS/RTOS_Workspace/STM32_FreeRTOS_Tasks_Delete/Third-Party/FreeRTOS/org/Source/portable/GCC/ARM_CM4F" -I"D:/MS/E-Courses/Mastering RTOS/RTOS_Workspace/STM32_FreeRTOS_Tasks_Delete/StdPeriph_Driver/inc" -I"D:/MS/E-Courses/Mastering RTOS/RTOS_Workspace/STM32_FreeRTOS_Tasks_Delete/inc" -I"D:/MS/E-Courses/Mastering RTOS/RTOS_Workspace/STM32_FreeRTOS_Tasks_Delete/CMSIS/device" -I"D:/MS/E-Courses/Mastering RTOS/RTOS_Workspace/STM32_FreeRTOS_Tasks_Delete/CMSIS/core" -O0 -g3 -Wall -fmessage-length=0 -ffunction-sections -c -MMD -MP -MF"src/main.d" -MT"src/main.o" -o "src/main.o" "../src/main.c"
D:\MS\E-Courses\Mastering RTOS\RTOS_Workspace\STM32_FreeRTOS_Tasks_Delete\Debug
arm-none-eabi-gcc -mcpu=cortex-m4 -mthumb -mfloat-abi=hard -mfpu=fpv4-sp-d16 -DSTM32 -DSTM32F4 -DSTM32F446RETx -DNUCLEO_F446RE -DDEBUG -DSTM32F446xx -DUSE_STDPERIPH_DRIVER -I"D:/MS/E-Courses/Mastering RTOS/RTOS_Workspace/STM32_FreeRTOS_Tasks_Delete/Third-Party/FreeRTOS/org/Source/include" -I"D:/MS/E-Courses/Mastering RTOS/RTOS_Workspace/STM32_FreeRTOS_Tasks_Delete/Config" -I"D:/MS/E-Courses/Mastering RTOS/RTOS_Workspace/STM32_FreeRTOS_Tasks_Delete/Third-Party/FreeRTOS/org/Source/portable/GCC/ARM_CM4F" -I"D:/MS/E-Courses/Mastering RTOS/RTOS_Workspace/STM32_FreeRTOS_Tasks_Delete/StdPeriph_Driver/inc" -I"D:/MS/E-Courses/Mastering RTOS/RTOS_Workspace/STM32_FreeRTOS_Tasks_Delete/inc" -I"D:/MS/E-Courses/Mastering RTOS/RTOS_Workspace/STM32_FreeRTOS_Tasks_Delete/CMSIS/device" -I"D:/MS/E-Courses/Mastering RTOS/RTOS_Workspace/STM32_FreeRTOS_Tasks_Delete/CMSIS/core" -O0 -g3 -Wall -fmessage-length=0 -ffunction-sections -c -MMD -MP -MF"src/syscalls.d" -MT"src/syscalls.o" -o "src/syscalls.o" "../src/syscalls.c"
Invoking: MCU GCC Compiler
arm-none-eabi-gcc -mcpu=cortex-m4 -mthumb -mfloat-abi=hard -mfpu=fpv4-sp-d16 -DSTM32 -DSTM32F4 -DSTM32F446RETx -DNUCLEO_F446RE -DDEBUG -DSTM32F446xx -DUSE_STDPERIPH_DRIVER -I"D:/MS/E-Courses/Mastering RTOS/RTOS_Workspace/STM32_FreeRTOS_Tasks_Delete/Third-Party/FreeRTOS/org/Source/include" -I"D:/MS/E-Courses/Mastering RTOS/RTOS_Workspace/STM32_FreeRTOS_Tasks_Delete/Config" -I"D:/MS/E-Courses/Mastering RTOS/RTOS_Workspace/STM32_FreeRTOS_Tasks_Delete/Third-Party/FreeRTOS/org/Source/portable/GCC/ARM_CM4F" -I"D:/MS/E-Courses/Mastering RTOS/RTOS_Workspace/STM32_FreeRTOS_Tasks_Delete/StdPeriph_Driver/inc" -I"D:/MS/E-Courses/Mastering RTOS/RTOS_Workspace/STM32_FreeRTOS_Tasks_Delete/inc" -I"D:/MS/E-Courses/Mastering RTOS/RTOS_Workspace/STM32_FreeRTOS_Tasks_Delete/CMSIS/device" -I"D:/MS/E-Courses/Mastering RTOS/RTOS_Workspace/STM32_FreeRTOS_Tasks_Delete/CMSIS/core" -O0 -g3 -Wall -fmessage-length=0 -ffunction-sections -c -MMD -MP -MF"Third-Party/FreeRTOS/org/Source/portable/MemMang/heap_4.d" -MT"Third-Party/FreeRTOS/org/Source/portable/MemMang/heap_4.o" -o "Third-Party/FreeRTOS/org/Source/portable/MemMang/heap_4.o" "../Third-Party/FreeRTOS/org/Source/portable/MemMang/heap_4.c"
arm-none-eabi-gcc -mcpu=cortex-m4 -mthumb -mfloat-abi=hard -mfpu=fpv4-sp-d16 -DSTM32 -DSTM32F4 -DSTM32F446RETx -DNUCLEO_F446RE -DDEBUG -DSTM32F446xx -DUSE_STDPERIPH_DRIVER -I"D:/MS/E-Courses/Mastering RTOS/RTOS_Workspace/STM32_FreeRTOS_Tasks_Delete/Third-Party/FreeRTOS/org/Source/include" -I"D:/MS/E-Courses/Mastering RTOS/RTOS_Workspace/STM32_FreeRTOS_Tasks_Delete/Config" -I"D:/MS/E-Courses/Mastering RTOS/RTOS_Workspace/STM32_FreeRTOS_Tasks_Delete/Third-Party/FreeRTOS/org/Source/portable/GCC/ARM_CM4F" -I"D:/MS/E-Courses/Mastering RTOS/RTOS_Workspace/STM32_FreeRTOS_Tasks_Delete/StdPeriph_Driver/inc" -I"D:/MS/E-Courses/Mastering RTOS/RTOS_Workspace/STM32_FreeRTOS_Tasks_Delete/inc" -I"D:/MS/E-Courses/Mastering RTOS/RTOS_Workspace/STM32_FreeRTOS_Tasks_Delete/CMSIS/device" -I"D:/MS/E-Courses/Mastering RTOS/RTOS_Workspace/STM32_FreeRTOS_Tasks_Delete/CMSIS/core" -O0 -g3 -Wall -fmessage-length=0 -ffunction-sections -c -MMD -MP -MF"Third-Party/FreeRTOS/org/Source/portable/GCC/ARM_CM4F/port.d" -MT"Third-Party/FreeRTOS/org/Source/portable/GCC/ARM_CM4F/port.o" -o "Third-Party/FreeRTOS/org/Source/portable/GCC/ARM_CM4F/port.o" "../Third-Party/FreeRTOS/org/Source/portable/GCC/ARM_CM4F/port.c"
D:\MS\E-Courses\Mastering RTOS\RTOS_Workspace\STM32_FreeRTOS_Tasks_Delete\Debug
arm-none-eabi-gcc -mcpu=cortex-m4 -mthumb -mfloat-abi=hard -mfpu=fpv4-sp-d16 -DSTM32 -DSTM32F4 -DSTM32F446RETx -DNUCLEO_F446RE -DDEBUG -DSTM32F446xx -DUSE_STDPERIPH_DRIVER -I"D:/MS/E-Courses/Mastering RTOS/RTOS_Workspace/STM32_FreeRTOS_Tasks_Delete/Third-Party/FreeRTOS/org/Source/include" -I"D:/MS/E-Courses/Mastering RTOS/RTOS_Workspace/STM32_FreeRTOS_Tasks_Delete/Config" -I"D:/MS/E-Courses/Mastering RTOS/RTOS_Workspace/STM32_FreeRTOS_Tasks_Delete/Third-Party/FreeRTOS/org/Source/portable/GCC/ARM_CM4F" -I"D:/MS/E-Courses/Mastering RTOS/RTOS_Workspace/STM32_FreeRTOS_Tasks_Delete/StdPeriph_Driver/inc" -I"D:/MS/E-Courses/Mastering RTOS/RTOS_Workspace/STM32_FreeRTOS_Tasks_Delete/inc" -I"D:/MS/E-Courses/Mastering RTOS/RTOS_Workspace/STM32_FreeRTOS_Tasks_Delete/CMSIS/device" -I"D:/MS/E-Courses/Mastering RTOS/RTOS_Workspace/STM32_FreeRTOS_Tasks_Delete/CMSIS/core" -O0 -g3 -Wall -fmessage-length=0 -ffunction-sections -c -MMD -MP -MF"Third-Party/FreeRTOS/org/Source/croutine.d" -MT"Third-Party/FreeRTOS/org/Source/croutine.o" -o "Third-Party/FreeRTOS/org/Source/croutine.o" "../Third-Party/FreeRTOS/org/Source/croutine.c"
D:\MS\E-Courses\Mastering RTOS\RTOS_Workspace\STM32_FreeRTOS_Tasks_Delete\Debug
arm-none-eabi-gcc -mcpu=cortex-m4 -mthumb -mfloat-abi=hard -mfpu=fpv4-sp-d16 -DSTM32 -DSTM32F4 -DSTM32F446RETx -DNUCLEO_F446RE -DDEBUG -DSTM32F446xx -DUSE_STDPERIPH_DRIVER -I"D:/MS/E-Courses/Mastering RTOS/RTOS_Workspace/STM32_FreeRTOS_Tasks_Delete/Third-Party/FreeRTOS/org/Source/include" -I"D:/MS/E-Courses/Mastering RTOS/RTOS_Workspace/STM32_FreeRTOS_Tasks_Delete/Config" -I"D:/MS/E-Courses/Mastering RTOS/RTOS_Workspace/STM32_FreeRTOS_Tasks_Delete/Third-Party/FreeRTOS/org/Source/portable/GCC/ARM_CM4F" -I"D:/MS/E-Courses/Mastering RTOS/RTOS_Workspace/STM32_FreeRTOS_Tasks_Delete/StdPeriph_Driver/inc" -I"D:/MS/E-Courses/Mastering RTOS/RTOS_Workspace/STM32_FreeRTOS_Tasks_Delete/inc" -I"D:/MS/E-Courses/Mastering RTOS/RTOS_Workspace/STM32_FreeRTOS_Tasks_Delete/CMSIS/device" -I"D:/MS/E-Courses/Mastering RTOS/RTOS_Workspace/STM32_FreeRTOS_Tasks_Delete/CMSIS/core" -O0 -g3 -Wall -fmessage-length=0 -ffunction-sections -c -MMD -MP -MF"Third-Party/FreeRTOS/org/Source/event_groups.d" -MT"Third-Party/FreeRTOS/org/Source/event_groups.o" -o "Third-Party/FreeRTOS/org/Source/event_groups.o" "../Third-Party/FreeRTOS/org/Source/event_groups.c"
Finished building: ../startup/startup_stm32.s
 
Building file: ../Third-Party/FreeRTOS/org/Source/list.c
Invoking: MCU GCC Compiler
D:\MS\E-Courses\Mastering RTOS\RTOS_Workspace\STM32_FreeRTOS_Tasks_Delete\Debug
arm-none-eabi-gcc -mcpu=cortex-m4 -mthumb -mfloat-abi=hard -mfpu=fpv4-sp-d16 -DSTM32 -DSTM32F4 -DSTM32F446RETx -DNUCLEO_F446RE -DDEBUG -DSTM32F446xx -DUSE_STDPERIPH_DRIVER -I"D:/MS/E-Courses/Mastering RTOS/RTOS_Workspace/STM32_FreeRTOS_Tasks_Delete/Third-Party/FreeRTOS/org/Source/include" -I"D:/MS/E-Courses/Mastering RTOS/RTOS_Workspace/STM32_FreeRTOS_Tasks_Delete/Config" -I"D:/MS/E-Courses/Mastering RTOS/RTOS_Workspace/STM32_FreeRTOS_Tasks_Delete/Third-Party/FreeRTOS/org/Source/portable/GCC/ARM_CM4F" -I"D:/MS/E-Courses/Mastering RTOS/RTOS_Workspace/STM32_FreeRTOS_Tasks_Delete/StdPeriph_Driver/inc" -I"D:/MS/E-Courses/Mastering RTOS/RTOS_Workspace/STM32_FreeRTOS_Tasks_Delete/inc" -I"D:/MS/E-Courses/Mastering RTOS/RTOS_Workspace/STM32_FreeRTOS_Tasks_Delete/CMSIS/device" -I"D:/MS/E-Courses/Mastering RTOS/RTOS_Workspace/STM32_FreeRTOS_Tasks_Delete/CMSIS/core" -O0 -g3 -Wall -fmessage-length=0 -ffunction-sections -c -MMD -MP -MF"Third-Party/FreeRTOS/org/Source/list.d" -MT"Third-Party/FreeRTOS/org/Source/list.o" -o "Third-Party/FreeRTOS/org/Source/list.o" "../Third-Party/FreeRTOS/org/Source/list.c"
Finished building: ../src/syscalls.c
 
Building file: ../Third-Party/FreeRTOS/org/Source/queue.c
Invoking: MCU GCC Compiler
Finished building: ../Third-Party/FreeRTOS/org/Source/croutine.c
D:\MS\E-Courses\Mastering RTOS\RTOS_Workspace\STM32_FreeRTOS_Tasks_Delete\Debug
 
arm-none-eabi-gcc -mcpu=cortex-m4 -mthumb -mfloat-abi=hard -mfpu=fpv4-sp-d16 -DSTM32 -DSTM32F4 -DSTM32F446RETx -DNUCLEO_F446RE -DDEBUG -DSTM32F446xx -DUSE_STDPERIPH_DRIVER -I"D:/MS/E-Courses/Mastering RTOS/RTOS_Workspace/STM32_FreeRTOS_Tasks_Delete/Third-Party/FreeRTOS/org/Source/include" -I"D:/MS/E-Courses/Mastering RTOS/RTOS_Workspace/STM32_FreeRTOS_Tasks_Delete/Config" -I"D:/MS/E-Courses/Mastering RTOS/RTOS_Workspace/STM32_FreeRTOS_Tasks_Delete/Third-Party/FreeRTOS/org/Source/portable/GCC/ARM_CM4F" -I"D:/MS/E-Courses/Mastering RTOS/RTOS_Workspace/STM32_FreeRTOS_Tasks_Delete/StdPeriph_Driver/inc" -I"D:/MS/E-Courses/Mastering RTOS/RTOS_Workspace/STM32_FreeRTOS_Tasks_Delete/inc" -I"D:/MS/E-Courses/Mastering RTOS/RTOS_Workspace/STM32_FreeRTOS_Tasks_Delete/CMSIS/device" -I"D:/MS/E-Courses/Mastering RTOS/RTOS_Workspace/STM32_FreeRTOS_Tasks_Delete/CMSIS/core" -O0 -g3 -Wall -fmessage-length=0 -ffunction-sections -c -MMD -MP -MF"Third-Party/FreeRTOS/org/Source/queue.d" -MT"Third-Party/FreeRTOS/org/Source/queue.o" -o "Third-Party/FreeRTOS/org/Source/queue.o" "../Third-Party/FreeRTOS/org/Source/queue.c"
Finished building: ../Third-Party/FreeRTOS/org/Source/portable/GCC/ARM_CM4F/port.c
Finished building: ../Third-Party/FreeRTOS/org/Source/portable/MemMang/heap_4.c
Building file: ../Third-Party/FreeRTOS/org/Source/stream_buffer.c
 
Finished building: ../Third-Party/FreeRTOS/org/Source/event_groups.c
 
Invoking: MCU GCC Compiler
Building file: ../Third-Party/FreeRTOS/org/Source/tasks.c
 
Building file: ../Third-Party/FreeRTOS/org/Source/timers.c
Finished building: ../Third-Party/FreeRTOS/org/Source/list.c
D:\MS\E-Courses\Mastering RTOS\RTOS_Workspace\STM32_FreeRTOS_Tasks_Delete\Debug
arm-none-eabi-gcc -mcpu=cortex-m4 -mthumb -mfloat-abi=hard -mfpu=fpv4-sp-d16 -DSTM32 -DSTM32F4 -DSTM32F446RETx -DNUCLEO_F446RE -DDEBUG -DSTM32F446xx -DUSE_STDPERIPH_DRIVER -I"D:/MS/E-Courses/Mastering RTOS/RTOS_Workspace/STM32_FreeRTOS_Tasks_Delete/Third-Party/FreeRTOS/org/Source/include" -I"D:/MS/E-Courses/Mastering RTOS/RTOS_Workspace/STM32_FreeRTOS_Tasks_Delete/Config" -I"D:/MS/E-Courses/Mastering RTOS/RTOS_Workspace/STM32_FreeRTOS_Tasks_Delete/Third-Party/FreeRTOS/org/Source/portable/GCC/ARM_CM4F" -I"D:/MS/E-Courses/Mastering RTOS/RTOS_Workspace/STM32_FreeRTOS_Tasks_Delete/StdPeriph_Driver/inc" -I"D:/MS/E-Courses/Mastering RTOS/RTOS_Workspace/STM32_FreeRTOS_Tasks_Delete/inc" -I"D:/MS/E-Courses/Mastering RTOS/RTOS_Workspace/STM32_FreeRTOS_Tasks_Delete/CMSIS/device" -I"D:/MS/E-Courses/Mastering RTOS/RTOS_Workspace/STM32_FreeRTOS_Tasks_Delete/CMSIS/core" -O0 -g3 -Wall -fmessage-length=0 -ffunction-sections -c -MMD -MP -MF"Third-Party/FreeRTOS/org/Source/stream_buffer.d" -MT"Third-Party/FreeRTOS/org/Source/stream_buffer.o" -o "Third-Party/FreeRTOS/org/Source/stream_buffer.o" "../Third-Party/FreeRTOS/org/Source/stream_buffer.c"
Invoking: MCU GCC Compiler
Building file: ../StdPeriph_Driver/src/misc.c
 
Invoking: MCU GCC Compiler
D:\MS\E-Courses\Mastering RTOS\RTOS_Workspace\STM32_FreeRTOS_Tasks_Delete\Debug
arm-none-eabi-gcc -mcpu=cortex-m4 -mthumb -mfloat-abi=hard -mfpu=fpv4-sp-d16 -DSTM32 -DSTM32F4 -DSTM32F446RETx -DNUCLEO_F446RE -DDEBUG -DSTM32F446xx -DUSE_STDPERIPH_DRIVER -I"D:/MS/E-Courses/Mastering RTOS/RTOS_Workspace/STM32_FreeRTOS_Tasks_Delete/Third-Party/FreeRTOS/org/Source/include" -I"D:/MS/E-Courses/Mastering RTOS/RTOS_Workspace/STM32_FreeRTOS_Tasks_Delete/Config" -I"D:/MS/E-Courses/Mastering RTOS/RTOS_Workspace/STM32_FreeRTOS_Tasks_Delete/Third-Party/FreeRTOS/org/Source/portable/GCC/ARM_CM4F" -I"D:/MS/E-Courses/Mastering RTOS/RTOS_Workspace/STM32_FreeRTOS_Tasks_Delete/StdPeriph_Driver/inc" -I"D:/MS/E-Courses/Mastering RTOS/RTOS_Workspace/STM32_FreeRTOS_Tasks_Delete/inc" -I"D:/MS/E-Courses/Mastering RTOS/RTOS_Workspace/STM32_FreeRTOS_Tasks_Delete/CMSIS/device" -I"D:/MS/E-Courses/Mastering RTOS/RTOS_Workspace/STM32_FreeRTOS_Tasks_Delete/CMSIS/core" -O0 -g3 -Wall -fmessage-length=0 -ffunction-sections -c -MMD -MP -MF"Third-Party/FreeRTOS/org/Source/tasks.d" -MT"Third-Party/FreeRTOS/org/Source/tasks.o" -o "Third-Party/FreeRTOS/org/Source/tasks.o" "../Third-Party/FreeRTOS/org/Source/tasks.c"
Invoking: MCU GCC Compiler
Building file: ../StdPeriph_Driver/src/stm32f4xx_adc.c
D:\MS\E-Courses\Mastering RTOS\RTOS_Workspace\STM32_FreeRTOS_Tasks_Delete\Debug
arm-none-eabi-gcc -mcpu=cortex-m4 -mthumb -mfloat-abi=hard -mfpu=fpv4-sp-d16 -DSTM32 -DSTM32F4 -DSTM32F446RETx -DNUCLEO_F446RE -DDEBUG -DSTM32F446xx -DUSE_STDPERIPH_DRIVER -I"D:/MS/E-Courses/Mastering RTOS/RTOS_Workspace/STM32_FreeRTOS_Tasks_Delete/Third-Party/FreeRTOS/org/Source/include" -I"D:/MS/E-Courses/Mastering RTOS/RTOS_Workspace/STM32_FreeRTOS_Tasks_Delete/Config" -I"D:/MS/E-Courses/Mastering RTOS/RTOS_Workspace/STM32_FreeRTOS_Tasks_Delete/Third-Party/FreeRTOS/org/Source/portable/GCC/ARM_CM4F" -I"D:/MS/E-Courses/Mastering RTOS/RTOS_Workspace/STM32_FreeRTOS_Tasks_Delete/StdPeriph_Driver/inc" -I"D:/MS/E-Courses/Mastering RTOS/RTOS_Workspace/STM32_FreeRTOS_Tasks_Delete/inc" -I"D:/MS/E-Courses/Mastering RTOS/RTOS_Workspace/STM32_FreeRTOS_Tasks_Delete/CMSIS/device" -I"D:/MS/E-Courses/Mastering RTOS/RTOS_Workspace/STM32_FreeRTOS_Tasks_Delete/CMSIS/core" -O0 -g3 -Wall -fmessage-length=0 -ffunction-sections -c -MMD -MP -MF"Third-Party/FreeRTOS/org/Source/timers.d" -MT"Third-Party/FreeRTOS/org/Source/timers.o" -o "Third-Party/FreeRTOS/org/Source/timers.o" "../Third-Party/FreeRTOS/org/Source/timers.c"
D:\MS\E-Courses\Mastering RTOS\RTOS_Workspace\STM32_FreeRTOS_Tasks_Delete\Debug
Invoking: MCU GCC Compiler
arm-none-eabi-gcc -mcpu=cortex-m4 -mthumb -mfloat-abi=hard -mfpu=fpv4-sp-d16 -DSTM32 -DSTM32F4 -DSTM32F446RETx -DNUCLEO_F446RE -DDEBUG -DSTM32F446xx -DUSE_STDPERIPH_DRIVER -I"D:/MS/E-Courses/Mastering RTOS/RTOS_Workspace/STM32_FreeRTOS_Tasks_Delete/Third-Party/FreeRTOS/org/Source/include" -I"D:/MS/E-Courses/Mastering RTOS/RTOS_Workspace/STM32_FreeRTOS_Tasks_Delete/Config" -I"D:/MS/E-Courses/Mastering RTOS/RTOS_Workspace/STM32_FreeRTOS_Tasks_Delete/Third-Party/FreeRTOS/org/Source/portable/GCC/ARM_CM4F" -I"D:/MS/E-Courses/Mastering RTOS/RTOS_Workspace/STM32_FreeRTOS_Tasks_Delete/StdPeriph_Driver/inc" -I"D:/MS/E-Courses/Mastering RTOS/RTOS_Workspace/STM32_FreeRTOS_Tasks_Delete/inc" -I"D:/MS/E-Courses/Mastering RTOS/RTOS_Workspace/STM32_FreeRTOS_Tasks_Delete/CMSIS/device" -I"D:/MS/E-Courses/Mastering RTOS/RTOS_Workspace/STM32_FreeRTOS_Tasks_Delete/CMSIS/core" -O0 -g3 -Wall -fmessage-length=0 -ffunction-sections -c -MMD -MP -MF"StdPeriph_Driver/src/misc.d" -MT"StdPeriph_Driver/src/misc.o" -o "StdPeriph_Driver/src/misc.o" "../StdPeriph_Driver/src/misc.c"
D:\MS\E-Courses\Mastering RTOS\RTOS_Workspace\STM32_FreeRTOS_Tasks_Delete\Debug
arm-none-eabi-gcc -mcpu=cortex-m4 -mthumb -mfloat-abi=hard -mfpu=fpv4-sp-d16 -DSTM32 -DSTM32F4 -DSTM32F446RETx -DNUCLEO_F446RE -DDEBUG -DSTM32F446xx -DUSE_STDPERIPH_DRIVER -I"D:/MS/E-Courses/Mastering RTOS/RTOS_Workspace/STM32_FreeRTOS_Tasks_Delete/Third-Party/FreeRTOS/org/Source/include" -I"D:/MS/E-Courses/Mastering RTOS/RTOS_Workspace/STM32_FreeRTOS_Tasks_Delete/Config" -I"D:/MS/E-Courses/Mastering RTOS/RTOS_Workspace/STM32_FreeRTOS_Tasks_Delete/Third-Party/FreeRTOS/org/Source/portable/GCC/ARM_CM4F" -I"D:/MS/E-Courses/Mastering RTOS/RTOS_Workspace/STM32_FreeRTOS_Tasks_Delete/StdPeriph_Driver/inc" -I"D:/MS/E-Courses/Mastering RTOS/RTOS_Workspace/STM32_FreeRTOS_Tasks_Delete/inc" -I"D:/MS/E-Courses/Mastering RTOS/RTOS_Workspace/STM32_FreeRTOS_Tasks_Delete/CMSIS/device" -I"D:/MS/E-Courses/Mastering RTOS/RTOS_Workspace/STM32_FreeRTOS_Tasks_Delete/CMSIS/core" -O0 -g3 -Wall -fmessage-length=0 -ffunction-sections -c -MMD -MP -MF"StdPeriph_Driver/src/stm32f4xx_adc.d" -MT"StdPeriph_Driver/src/stm32f4xx_adc.o" -o "StdPeriph_Driver/src/stm32f4xx_adc.o" "../StdPeriph_Driver/src/stm32f4xx_adc.c"
Finished building: ../src/system_stm32f4xx.c
Finished building: ../Third-Party/FreeRTOS/org/Source/queue.c
 
 
Finished building: ../Third-Party/FreeRTOS/org/Source/stream_buffer.c
Finished building: ../src/main.c
Building file: ../StdPeriph_Driver/src/stm32f4xx_can.c
 
Building file: ../StdPeriph_Driver/src/stm32f4xx_cec.c
 
Invoking: MCU GCC Compiler
Building file: ../StdPeriph_Driver/src/stm32f4xx_crc.c
Invoking: MCU GCC Compiler
Building file: ../StdPeriph_Driver/src/stm32f4xx_cryp.c
D:\MS\E-Courses\Mastering RTOS\RTOS_Workspace\STM32_FreeRTOS_Tasks_Delete\Debug
Invoking: MCU GCC Compiler
arm-none-eabi-gcc -mcpu=cortex-m4 -mthumb -mfloat-abi=hard -mfpu=fpv4-sp-d16 -DSTM32 -DSTM32F4 -DSTM32F446RETx -DNUCLEO_F446RE -DDEBUG -DSTM32F446xx -DUSE_STDPERIPH_DRIVER -I"D:/MS/E-Courses/Mastering RTOS/RTOS_Workspace/STM32_FreeRTOS_Tasks_Delete/Third-Party/FreeRTOS/org/Source/include" -I"D:/MS/E-Courses/Mastering RTOS/RTOS_Workspace/STM32_FreeRTOS_Tasks_Delete/Config" -I"D:/MS/E-Courses/Mastering RTOS/RTOS_Workspace/STM32_FreeRTOS_Tasks_Delete/Third-Party/FreeRTOS/org/Source/portable/GCC/ARM_CM4F" -I"D:/MS/E-Courses/Mastering RTOS/RTOS_Workspace/STM32_FreeRTOS_Tasks_Delete/StdPeriph_Driver/inc" -I"D:/MS/E-Courses/Mastering RTOS/RTOS_Workspace/STM32_FreeRTOS_Tasks_Delete/inc" -I"D:/MS/E-Courses/Mastering RTOS/RTOS_Workspace/STM32_FreeRTOS_Tasks_Delete/CMSIS/device" -I"D:/MS/E-Courses/Mastering RTOS/RTOS_Workspace/STM32_FreeRTOS_Tasks_Delete/CMSIS/core" -O0 -g3 -Wall -fmessage-length=0 -ffunction-sections -c -MMD -MP -MF"StdPeriph_Driver/src/stm32f4xx_can.d" -MT"StdPeriph_Driver/src/stm32f4xx_can.o" -o "StdPeriph_Driver/src/stm32f4xx_can.o" "../StdPeriph_Driver/src/stm32f4xx_can.c"
Finished building: ../Third-Party/FreeRTOS/org/Source/timers.c
D:\MS\E-Courses\Mastering RTOS\RTOS_Workspace\STM32_FreeRTOS_Tasks_Delete\Debug
Invoking: MCU GCC Compiler
D:\MS\E-Courses\Mastering RTOS\RTOS_Workspace\STM32_FreeRTOS_Tasks_Delete\Debug
arm-none-eabi-gcc -mcpu=cortex-m4 -mthumb -mfloat-abi=hard -mfpu=fpv4-sp-d16 -DSTM32 -DSTM32F4 -DSTM32F446RETx -DNUCLEO_F446RE -DDEBUG -DSTM32F446xx -DUSE_STDPERIPH_DRIVER -I"D:/MS/E-Courses/Mastering RTOS/RTOS_Workspace/STM32_FreeRTOS_Tasks_Delete/Third-Party/FreeRTOS/org/Source/include" -I"D:/MS/E-Courses/Mastering RTOS/RTOS_Workspace/STM32_FreeRTOS_Tasks_Delete/Config" -I"D:/MS/E-Courses/Mastering RTOS/RTOS_Workspace/STM32_FreeRTOS_Tasks_Delete/Third-Party/FreeRTOS/org/Source/portable/GCC/ARM_CM4F" -I"D:/MS/E-Courses/Mastering RTOS/RTOS_Workspace/STM32_FreeRTOS_Tasks_Delete/StdPeriph_Driver/inc" -I"D:/MS/E-Courses/Mastering RTOS/RTOS_Workspace/STM32_FreeRTOS_Tasks_Delete/inc" -I"D:/MS/E-Courses/Mastering RTOS/RTOS_Workspace/STM32_FreeRTOS_Tasks_Delete/CMSIS/device" -I"D:/MS/E-Courses/Mastering RTOS/RTOS_Workspace/STM32_FreeRTOS_Tasks_Delete/CMSIS/core" -O0 -g3 -Wall -fmessage-length=0 -ffunction-sections -c -MMD -MP -MF"StdPeriph_Driver/src/stm32f4xx_cec.d" -MT"StdPeriph_Driver/src/stm32f4xx_cec.o" -o "StdPeriph_Driver/src/stm32f4xx_cec.o" "../StdPeriph_Driver/src/stm32f4xx_cec.c"
 
arm-none-eabi-gcc -mcpu=cortex-m4 -mthumb -mfloat-abi=hard -mfpu=fpv4-sp-d16 -DSTM32 -DSTM32F4 -DSTM32F446RETx -DNUCLEO_F446RE -DDEBUG -DSTM32F446xx -DUSE_STDPERIPH_DRIVER -I"D:/MS/E-Courses/Mastering RTOS/RTOS_Workspace/STM32_FreeRTOS_Tasks_Delete/Third-Party/FreeRTOS/org/Source/include" -I"D:/MS/E-Courses/Mastering RTOS/RTOS_Workspace/STM32_FreeRTOS_Tasks_Delete/Config" -I"D:/MS/E-Courses/Mastering RTOS/RTOS_Workspace/STM32_FreeRTOS_Tasks_Delete/Third-Party/FreeRTOS/org/Source/portable/GCC/ARM_CM4F" -I"D:/MS/E-Courses/Mastering RTOS/RTOS_Workspace/STM32_FreeRTOS_Tasks_Delete/StdPeriph_Driver/inc" -I"D:/MS/E-Courses/Mastering RTOS/RTOS_Workspace/STM32_FreeRTOS_Tasks_Delete/inc" -I"D:/MS/E-Courses/Mastering RTOS/RTOS_Workspace/STM32_FreeRTOS_Tasks_Delete/CMSIS/device" -I"D:/MS/E-Courses/Mastering RTOS/RTOS_Workspace/STM32_FreeRTOS_Tasks_Delete/CMSIS/core" -O0 -g3 -Wall -fmessage-length=0 -ffunction-sections -c -MMD -MP -MF"StdPeriph_Driver/src/stm32f4xx_crc.d" -MT"StdPeriph_Driver/src/stm32f4xx_crc.o" -o "StdPeriph_Driver/src/stm32f4xx_crc.o" "../StdPeriph_Driver/src/stm32f4xx_crc.c"
D:\MS\E-Courses\Mastering RTOS\RTOS_Workspace\STM32_FreeRTOS_Tasks_Delete\Debug
arm-none-eabi-gcc -mcpu=cortex-m4 -mthumb -mfloat-abi=hard -mfpu=fpv4-sp-d16 -DSTM32 -DSTM32F4 -DSTM32F446RETx -DNUCLEO_F446RE -DDEBUG -DSTM32F446xx -DUSE_STDPERIPH_DRIVER -I"D:/MS/E-Courses/Mastering RTOS/RTOS_Workspace/STM32_FreeRTOS_Tasks_Delete/Third-Party/FreeRTOS/org/Source/include" -I"D:/MS/E-Courses/Mastering RTOS/RTOS_Workspace/STM32_FreeRTOS_Tasks_Delete/Config" -I"D:/MS/E-Courses/Mastering RTOS/RTOS_Workspace/STM32_FreeRTOS_Tasks_Delete/Third-Party/FreeRTOS/org/Source/portable/GCC/ARM_CM4F" -I"D:/MS/E-Courses/Mastering RTOS/RTOS_Workspace/STM32_FreeRTOS_Tasks_Delete/StdPeriph_Driver/inc" -I"D:/MS/E-Courses/Mastering RTOS/RTOS_Workspace/STM32_FreeRTOS_Tasks_Delete/inc" -I"D:/MS/E-Courses/Mastering RTOS/RTOS_Workspace/STM32_FreeRTOS_Tasks_Delete/CMSIS/device" -I"D:/MS/E-Courses/Mastering RTOS/RTOS_Workspace/STM32_FreeRTOS_Tasks_Delete/CMSIS/core" -O0 -g3 -Wall -fmessage-length=0 -ffunction-sections -c -MMD -MP -MF"StdPeriph_Driver/src/stm32f4xx_cryp.d" -MT"StdPeriph_Driver/src/stm32f4xx_cryp.o" -o "StdPeriph_Driver/src/stm32f4xx_cryp.o" "../StdPeriph_Driver/src/stm32f4xx_cryp.c"
Building file: ../StdPeriph_Driver/src/stm32f4xx_cryp_aes.c
Invoking: MCU GCC Compiler
D:\MS\E-Courses\Mastering RTOS\RTOS_Workspace\STM32_FreeRTOS_Tasks_Delete\Debug
Finished building: ../Third-Party/FreeRTOS/org/Source/tasks.c
arm-none-eabi-gcc -mcpu=cortex-m4 -mthumb -mfloat-abi=hard -mfpu=fpv4-sp-d16 -DSTM32 -DSTM32F4 -DSTM32F446RETx -DNUCLEO_F446RE -DDEBUG -DSTM32F446xx -DUSE_STDPERIPH_DRIVER -I"D:/MS/E-Courses/Mastering RTOS/RTOS_Workspace/STM32_FreeRTOS_Tasks_Delete/Third-Party/FreeRTOS/org/Source/include" -I"D:/MS/E-Courses/Mastering RTOS/RTOS_Workspace/STM32_FreeRTOS_Tasks_Delete/Config" -I"D:/MS/E-Courses/Mastering RTOS/RTOS_Workspace/STM32_FreeRTOS_Tasks_Delete/Third-Party/FreeRTOS/org/Source/portable/GCC/ARM_CM4F" -I"D:/MS/E-Courses/Mastering RTOS/RTOS_Workspace/STM32_FreeRTOS_Tasks_Delete/StdPeriph_Driver/inc" -I"D:/MS/E-Courses/Mastering RTOS/RTOS_Workspace/STM32_FreeRTOS_Tasks_Delete/inc" -I"D:/MS/E-Courses/Mastering RTOS/RTOS_Workspace/STM32_FreeRTOS_Tasks_Delete/CMSIS/device" -I"D:/MS/E-Courses/Mastering RTOS/RTOS_Workspace/STM32_FreeRTOS_Tasks_Delete/CMSIS/core" -O0 -g3 -Wall -fmessage-length=0 -ffunction-sections -c -MMD -MP -MF"StdPeriph_Driver/src/stm32f4xx_cryp_aes.d" -MT"StdPeriph_Driver/src/stm32f4xx_cryp_aes.o" -o "StdPeriph_Driver/src/stm32f4xx_cryp_aes.o" "../StdPeriph_Driver/src/stm32f4xx_cryp_aes.c"
 
Building file: ../StdPeriph_Driver/src/stm32f4xx_cryp_des.c
Invoking: MCU GCC Compiler
Finished building: ../StdPeriph_Driver/src/misc.c
D:\MS\E-Courses\Mastering RTOS\RTOS_Workspace\STM32_FreeRTOS_Tasks_Delete\Debug
arm-none-eabi-gcc -mcpu=cortex-m4 -mthumb -mfloat-abi=hard -mfpu=fpv4-sp-d16 -DSTM32 -DSTM32F4 -DSTM32F446RETx -DNUCLEO_F446RE -DDEBUG -DSTM32F446xx -DUSE_STDPERIPH_DRIVER -I"D:/MS/E-Courses/Mastering RTOS/RTOS_Workspace/STM32_FreeRTOS_Tasks_Delete/Third-Party/FreeRTOS/org/Source/include" -I"D:/MS/E-Courses/Mastering RTOS/RTOS_Workspace/STM32_FreeRTOS_Tasks_Delete/Config" -I"D:/MS/E-Courses/Mastering RTOS/RTOS_Workspace/STM32_FreeRTOS_Tasks_Delete/Third-Party/FreeRTOS/org/Source/portable/GCC/ARM_CM4F" -I"D:/MS/E-Courses/Mastering RTOS/RTOS_Workspace/STM32_FreeRTOS_Tasks_Delete/StdPeriph_Driver/inc" -I"D:/MS/E-Courses/Mastering RTOS/RTOS_Workspace/STM32_FreeRTOS_Tasks_Delete/inc" -I"D:/MS/E-Courses/Mastering RTOS/RTOS_Workspace/STM32_FreeRTOS_Tasks_Delete/CMSIS/device" -I"D:/MS/E-Courses/Mastering RTOS/RTOS_Workspace/STM32_FreeRTOS_Tasks_Delete/CMSIS/core" -O0 -g3 -Wall -fmessage-length=0 -ffunction-sections -c -MMD -MP -MF"StdPeriph_Driver/src/stm32f4xx_cryp_des.d" -MT"StdPeriph_Driver/src/stm32f4xx_cryp_des.o" -o "StdPeriph_Driver/src/stm32f4xx_cryp_des.o" "../StdPeriph_Driver/src/stm32f4xx_cryp_des.c"
 
Building file: ../StdPeriph_Driver/src/stm32f4xx_cryp_tdes.c
Finished building: ../StdPeriph_Driver/src/stm32f4xx_adc.c
Invoking: MCU GCC Compiler
D:\MS\E-Courses\Mastering RTOS\RTOS_Workspace\STM32_FreeRTOS_Tasks_Delete\Debug
 
arm-none-eabi-gcc -mcpu=cortex-m4 -mthumb -mfloat-abi=hard -mfpu=fpv4-sp-d16 -DSTM32 -DSTM32F4 -DSTM32F446RETx -DNUCLEO_F446RE -DDEBUG -DSTM32F446xx -DUSE_STDPERIPH_DRIVER -I"D:/MS/E-Courses/Mastering RTOS/RTOS_Workspace/STM32_FreeRTOS_Tasks_Delete/Third-Party/FreeRTOS/org/Source/include" -I"D:/MS/E-Courses/Mastering RTOS/RTOS_Workspace/STM32_FreeRTOS_Tasks_Delete/Config" -I"D:/MS/E-Courses/Mastering RTOS/RTOS_Workspace/STM32_FreeRTOS_Tasks_Delete/Third-Party/FreeRTOS/org/Source/portable/GCC/ARM_CM4F" -I"D:/MS/E-Courses/Mastering RTOS/RTOS_Workspace/STM32_FreeRTOS_Tasks_Delete/StdPeriph_Driver/inc" -I"D:/MS/E-Courses/Mastering RTOS/RTOS_Workspace/STM32_FreeRTOS_Tasks_Delete/inc" -I"D:/MS/E-Courses/Mastering RTOS/RTOS_Workspace/STM32_FreeRTOS_Tasks_Delete/CMSIS/device" -I"D:/MS/E-Courses/Mastering RTOS/RTOS_Workspace/STM32_FreeRTOS_Tasks_Delete/CMSIS/core" -O0 -g3 -Wall -fmessage-length=0 -ffunction-sections -c -MMD -MP -MF"StdPeriph_Driver/src/stm32f4xx_cryp_tdes.d" -MT"StdPeriph_Driver/src/stm32f4xx_cryp_tdes.o" -o "StdPeriph_Driver/src/stm32f4xx_cryp_tdes.o" "../StdPeriph_Driver/src/stm32f4xx_cryp_tdes.c"
Building file: ../StdPeriph_Driver/src/stm32f4xx_dac.c
Invoking: MCU GCC Compiler
Finished building: ../StdPeriph_Driver/src/stm32f4xx_can.c
Finished building: ../StdPeriph_Driver/src/stm32f4xx_crc.c
Finished building: ../StdPeriph_Driver/src/stm32f4xx_cryp.c
D:\MS\E-Courses\Mastering RTOS\RTOS_Workspace\STM32_FreeRTOS_Tasks_Delete\Debug
 
 
arm-none-eabi-gcc -mcpu=cortex-m4 -mthumb -mfloat-abi=hard -mfpu=fpv4-sp-d16 -DSTM32 -DSTM32F4 -DSTM32F446RETx -DNUCLEO_F446RE -DDEBUG -DSTM32F446xx -DUSE_STDPERIPH_DRIVER -I"D:/MS/E-Courses/Mastering RTOS/RTOS_Workspace/STM32_FreeRTOS_Tasks_Delete/Third-Party/FreeRTOS/org/Source/include" -I"D:/MS/E-Courses/Mastering RTOS/RTOS_Workspace/STM32_FreeRTOS_Tasks_Delete/Config" -I"D:/MS/E-Courses/Mastering RTOS/RTOS_Workspace/STM32_FreeRTOS_Tasks_Delete/Third-Party/FreeRTOS/org/Source/portable/GCC/ARM_CM4F" -I"D:/MS/E-Courses/Mastering RTOS/RTOS_Workspace/STM32_FreeRTOS_Tasks_Delete/StdPeriph_Driver/inc" -I"D:/MS/E-Courses/Mastering RTOS/RTOS_Workspace/STM32_FreeRTOS_Tasks_Delete/inc" -I"D:/MS/E-Courses/Mastering RTOS/RTOS_Workspace/STM32_FreeRTOS_Tasks_Delete/CMSIS/device" -I"D:/MS/E-Courses/Mastering RTOS/RTOS_Workspace/STM32_FreeRTOS_Tasks_Delete/CMSIS/core" -O0 -g3 -Wall -fmessage-length=0 -ffunction-sections -c -MMD -MP -MF"StdPeriph_Driver/src/stm32f4xx_dac.d" -MT"StdPeriph_Driver/src/stm32f4xx_dac.o" -o "StdPeriph_Driver/src/stm32f4xx_dac.o" "../StdPeriph_Driver/src/stm32f4xx_dac.c"
 
Building file: ../StdPeriph_Driver/src/stm32f4xx_dbgmcu.c
Building file: ../StdPeriph_Driver/src/stm32f4xx_dcmi.c
Finished building: ../StdPeriph_Driver/src/stm32f4xx_cec.c
Building file: ../StdPeriph_Driver/src/stm32f4xx_dfsdm.c
Invoking: MCU GCC Compiler
Invoking: MCU GCC Compiler
 
Invoking: MCU GCC Compiler
D:\MS\E-Courses\Mastering RTOS\RTOS_Workspace\STM32_FreeRTOS_Tasks_Delete\Debug
arm-none-eabi-gcc -mcpu=cortex-m4 -mthumb -mfloat-abi=hard -mfpu=fpv4-sp-d16 -DSTM32 -DSTM32F4 -DSTM32F446RETx -DNUCLEO_F446RE -DDEBUG -DSTM32F446xx -DUSE_STDPERIPH_DRIVER -I"D:/MS/E-Courses/Mastering RTOS/RTOS_Workspace/STM32_FreeRTOS_Tasks_Delete/Third-Party/FreeRTOS/org/Source/include" -I"D:/MS/E-Courses/Mastering RTOS/RTOS_Workspace/STM32_FreeRTOS_Tasks_Delete/Config" -I"D:/MS/E-Courses/Mastering RTOS/RTOS_Workspace/STM32_FreeRTOS_Tasks_Delete/Third-Party/FreeRTOS/org/Source/portable/GCC/ARM_CM4F" -I"D:/MS/E-Courses/Mastering RTOS/RTOS_Workspace/STM32_FreeRTOS_Tasks_Delete/StdPeriph_Driver/inc" -I"D:/MS/E-Courses/Mastering RTOS/RTOS_Workspace/STM32_FreeRTOS_Tasks_Delete/inc" -I"D:/MS/E-Courses/Mastering RTOS/RTOS_Workspace/STM32_FreeRTOS_Tasks_Delete/CMSIS/device" -I"D:/MS/E-Courses/Mastering RTOS/RTOS_Workspace/STM32_FreeRTOS_Tasks_Delete/CMSIS/core" -O0 -g3 -Wall -fmessage-length=0 -ffunction-sections -c -MMD -MP -MF"StdPeriph_Driver/src/stm32f4xx_dbgmcu.d" -MT"StdPeriph_Driver/src/stm32f4xx_dbgmcu.o" -o "StdPeriph_Driver/src/stm32f4xx_dbgmcu.o" "../StdPeriph_Driver/src/stm32f4xx_dbgmcu.c"
Building file: ../StdPeriph_Driver/src/stm32f4xx_dma.c
D:\MS\E-Courses\Mastering RTOS\RTOS_Workspace\STM32_FreeRTOS_Tasks_Delete\Debug
arm-none-eabi-gcc -mcpu=cortex-m4 -mthumb -mfloat-abi=hard -mfpu=fpv4-sp-d16 -DSTM32 -DSTM32F4 -DSTM32F446RETx -DNUCLEO_F446RE -DDEBUG -DSTM32F446xx -DUSE_STDPERIPH_DRIVER -I"D:/MS/E-Courses/Mastering RTOS/RTOS_Workspace/STM32_FreeRTOS_Tasks_Delete/Third-Party/FreeRTOS/org/Source/include" -I"D:/MS/E-Courses/Mastering RTOS/RTOS_Workspace/STM32_FreeRTOS_Tasks_Delete/Config" -I"D:/MS/E-Courses/Mastering RTOS/RTOS_Workspace/STM32_FreeRTOS_Tasks_Delete/Third-Party/FreeRTOS/org/Source/portable/GCC/ARM_CM4F" -I"D:/MS/E-Courses/Mastering RTOS/RTOS_Workspace/STM32_FreeRTOS_Tasks_Delete/StdPeriph_Driver/inc" -I"D:/MS/E-Courses/Mastering RTOS/RTOS_Workspace/STM32_FreeRTOS_Tasks_Delete/inc" -I"D:/MS/E-Courses/Mastering RTOS/RTOS_Workspace/STM32_FreeRTOS_Tasks_Delete/CMSIS/device" -I"D:/MS/E-Courses/Mastering RTOS/RTOS_Workspace/STM32_FreeRTOS_Tasks_Delete/CMSIS/core" -O0 -g3 -Wall -fmessage-length=0 -ffunction-sections -c -MMD -MP -MF"StdPeriph_Driver/src/stm32f4xx_dcmi.d" -MT"StdPeriph_Driver/src/stm32f4xx_dcmi.o" -o "StdPeriph_Driver/src/stm32f4xx_dcmi.o" "../StdPeriph_Driver/src/stm32f4xx_dcmi.c"
D:\MS\E-Courses\Mastering RTOS\RTOS_Workspace\STM32_FreeRTOS_Tasks_Delete\Debug
arm-none-eabi-gcc -mcpu=cortex-m4 -mthumb -mfloat-abi=hard -mfpu=fpv4-sp-d16 -DSTM32 -DSTM32F4 -DSTM32F446RETx -DNUCLEO_F446RE -DDEBUG -DSTM32F446xx -DUSE_STDPERIPH_DRIVER -I"D:/MS/E-Courses/Mastering RTOS/RTOS_Workspace/STM32_FreeRTOS_Tasks_Delete/Third-Party/FreeRTOS/org/Source/include" -I"D:/MS/E-Courses/Mastering RTOS/RTOS_Workspace/STM32_FreeRTOS_Tasks_Delete/Config" -I"D:/MS/E-Courses/Mastering RTOS/RTOS_Workspace/STM32_FreeRTOS_Tasks_Delete/Third-Party/FreeRTOS/org/Source/portable/GCC/ARM_CM4F" -I"D:/MS/E-Courses/Mastering RTOS/RTOS_Workspace/STM32_FreeRTOS_Tasks_Delete/StdPeriph_Driver/inc" -I"D:/MS/E-Courses/Mastering RTOS/RTOS_Workspace/STM32_FreeRTOS_Tasks_Delete/inc" -I"D:/MS/E-Courses/Mastering RTOS/RTOS_Workspace/STM32_FreeRTOS_Tasks_Delete/CMSIS/device" -I"D:/MS/E-Courses/Mastering RTOS/RTOS_Workspace/STM32_FreeRTOS_Tasks_Delete/CMSIS/core" -O0 -g3 -Wall -fmessage-length=0 -ffunction-sections -c -MMD -MP -MF"StdPeriph_Driver/src/stm32f4xx_dfsdm.d" -MT"StdPeriph_Driver/src/stm32f4xx_dfsdm.o" -o "StdPeriph_Driver/src/stm32f4xx_dfsdm.o" "../StdPeriph_Driver/src/stm32f4xx_dfsdm.c"
Invoking: MCU GCC Compiler
Finished building: ../StdPeriph_Driver/src/stm32f4xx_cryp_aes.c
D:\MS\E-Courses\Mastering RTOS\RTOS_Workspace\STM32_FreeRTOS_Tasks_Delete\Debug
arm-none-eabi-gcc -mcpu=cortex-m4 -mthumb -mfloat-abi=hard -mfpu=fpv4-sp-d16 -DSTM32 -DSTM32F4 -DSTM32F446RETx -DNUCLEO_F446RE -DDEBUG -DSTM32F446xx -DUSE_STDPERIPH_DRIVER -I"D:/MS/E-Courses/Mastering RTOS/RTOS_Workspace/STM32_FreeRTOS_Tasks_Delete/Third-Party/FreeRTOS/org/Source/include" -I"D:/MS/E-Courses/Mastering RTOS/RTOS_Workspace/STM32_FreeRTOS_Tasks_Delete/Config" -I"D:/MS/E-Courses/Mastering RTOS/RTOS_Workspace/STM32_FreeRTOS_Tasks_Delete/Third-Party/FreeRTOS/org/Source/portable/GCC/ARM_CM4F" -I"D:/MS/E-Courses/Mastering RTOS/RTOS_Workspace/STM32_FreeRTOS_Tasks_Delete/StdPeriph_Driver/inc" -I"D:/MS/E-Courses/Mastering RTOS/RTOS_Workspace/STM32_FreeRTOS_Tasks_Delete/inc" -I"D:/MS/E-Courses/Mastering RTOS/RTOS_Workspace/STM32_FreeRTOS_Tasks_Delete/CMSIS/device" -I"D:/MS/E-Courses/Mastering RTOS/RTOS_Workspace/STM32_FreeRTOS_Tasks_Delete/CMSIS/core" -O0 -g3 -Wall -fmessage-length=0 -ffunction-sections -c -MMD -MP -MF"StdPeriph_Driver/src/stm32f4xx_dma.d" -MT"StdPeriph_Driver/src/stm32f4xx_dma.o" -o "StdPeriph_Driver/src/stm32f4xx_dma.o" "../StdPeriph_Driver/src/stm32f4xx_dma.c"
 
Finished building: ../StdPeriph_Driver/src/stm32f4xx_cryp_des.c
Building file: ../StdPeriph_Driver/src/stm32f4xx_dma2d.c
 
Invoking: MCU GCC Compiler
Building file: ../StdPeriph_Driver/src/stm32f4xx_dsi.c
D:\MS\E-Courses\Mastering RTOS\RTOS_Workspace\STM32_FreeRTOS_Tasks_Delete\Debug
arm-none-eabi-gcc -mcpu=cortex-m4 -mthumb -mfloat-abi=hard -mfpu=fpv4-sp-d16 -DSTM32 -DSTM32F4 -DSTM32F446RETx -DNUCLEO_F446RE -DDEBUG -DSTM32F446xx -DUSE_STDPERIPH_DRIVER -I"D:/MS/E-Courses/Mastering RTOS/RTOS_Workspace/STM32_FreeRTOS_Tasks_Delete/Third-Party/FreeRTOS/org/Source/include" -I"D:/MS/E-Courses/Mastering RTOS/RTOS_Workspace/STM32_FreeRTOS_Tasks_Delete/Config" -I"D:/MS/E-Courses/Mastering RTOS/RTOS_Workspace/STM32_FreeRTOS_Tasks_Delete/Third-Party/FreeRTOS/org/Source/portable/GCC/ARM_CM4F" -I"D:/MS/E-Courses/Mastering RTOS/RTOS_Workspace/STM32_FreeRTOS_Tasks_Delete/StdPeriph_Driver/inc" -I"D:/MS/E-Courses/Mastering RTOS/RTOS_Workspace/STM32_FreeRTOS_Tasks_Delete/inc" -I"D:/MS/E-Courses/Mastering RTOS/RTOS_Workspace/STM32_FreeRTOS_Tasks_Delete/CMSIS/device" -I"D:/MS/E-Courses/Mastering RTOS/RTOS_Workspace/STM32_FreeRTOS_Tasks_Delete/CMSIS/core" -O0 -g3 -Wall -fmessage-length=0 -ffunction-sections -c -MMD -MP -MF"StdPeriph_Driver/src/stm32f4xx_dma2d.d" -MT"StdPeriph_Driver/src/stm32f4xx_dma2d.o" -o "StdPeriph_Driver/src/stm32f4xx_dma2d.o" "../StdPeriph_Driver/src/stm32f4xx_dma2d.c"
Invoking: MCU GCC Compiler
D:\MS\E-Courses\Mastering RTOS\RTOS_Workspace\STM32_FreeRTOS_Tasks_Delete\Debug
arm-none-eabi-gcc -mcpu=cortex-m4 -mthumb -mfloat-abi=hard -mfpu=fpv4-sp-d16 -DSTM32 -DSTM32F4 -DSTM32F446RETx -DNUCLEO_F446RE -DDEBUG -DSTM32F446xx -DUSE_STDPERIPH_DRIVER -I"D:/MS/E-Courses/Mastering RTOS/RTOS_Workspace/STM32_FreeRTOS_Tasks_Delete/Third-Party/FreeRTOS/org/Source/include" -I"D:/MS/E-Courses/Mastering RTOS/RTOS_Workspace/STM32_FreeRTOS_Tasks_Delete/Config" -I"D:/MS/E-Courses/Mastering RTOS/RTOS_Workspace/STM32_FreeRTOS_Tasks_Delete/Third-Party/FreeRTOS/org/Source/portable/GCC/ARM_CM4F" -I"D:/MS/E-Courses/Mastering RTOS/RTOS_Workspace/STM32_FreeRTOS_Tasks_Delete/StdPeriph_Driver/inc" -I"D:/MS/E-Courses/Mastering RTOS/RTOS_Workspace/STM32_FreeRTOS_Tasks_Delete/inc" -I"D:/MS/E-Courses/Mastering RTOS/RTOS_Workspace/STM32_FreeRTOS_Tasks_Delete/CMSIS/device" -I"D:/MS/E-Courses/Mastering RTOS/RTOS_Workspace/STM32_FreeRTOS_Tasks_Delete/CMSIS/core" -O0 -g3 -Wall -fmessage-length=0 -ffunction-sections -c -MMD -MP -MF"StdPeriph_Driver/src/stm32f4xx_dsi.d" -MT"StdPeriph_Driver/src/stm32f4xx_dsi.o" -o "StdPeriph_Driver/src/stm32f4xx_dsi.o" "../StdPeriph_Driver/src/stm32f4xx_dsi.c"
Finished building: ../StdPeriph_Driver/src/stm32f4xx_cryp_tdes.c
 
Building file: ../StdPeriph_Driver/src/stm32f4xx_exti.c
Invoking: MCU GCC Compiler
D:\MS\E-Courses\Mastering RTOS\RTOS_Workspace\STM32_FreeRTOS_Tasks_Delete\Debug
Finished building: ../StdPeriph_Driver/src/stm32f4xx_dac.c
arm-none-eabi-gcc -mcpu=cortex-m4 -mthumb -mfloat-abi=hard -mfpu=fpv4-sp-d16 -DSTM32 -DSTM32F4 -DSTM32F446RETx -DNUCLEO_F446RE -DDEBUG -DSTM32F446xx -DUSE_STDPERIPH_DRIVER -I"D:/MS/E-Courses/Mastering RTOS/RTOS_Workspace/STM32_FreeRTOS_Tasks_Delete/Third-Party/FreeRTOS/org/Source/include" -I"D:/MS/E-Courses/Mastering RTOS/RTOS_Workspace/STM32_FreeRTOS_Tasks_Delete/Config" -I"D:/MS/E-Courses/Mastering RTOS/RTOS_Workspace/STM32_FreeRTOS_Tasks_Delete/Third-Party/FreeRTOS/org/Source/portable/GCC/ARM_CM4F" -I"D:/MS/E-Courses/Mastering RTOS/RTOS_Workspace/STM32_FreeRTOS_Tasks_Delete/StdPeriph_Driver/inc" -I"D:/MS/E-Courses/Mastering RTOS/RTOS_Workspace/STM32_FreeRTOS_Tasks_Delete/inc" -I"D:/MS/E-Courses/Mastering RTOS/RTOS_Workspace/STM32_FreeRTOS_Tasks_Delete/CMSIS/device" -I"D:/MS/E-Courses/Mastering RTOS/RTOS_Workspace/STM32_FreeRTOS_Tasks_Delete/CMSIS/core" -O0 -g3 -Wall -fmessage-length=0 -ffunction-sections -c -MMD -MP -MF"StdPeriph_Driver/src/stm32f4xx_exti.d" -MT"StdPeriph_Driver/src/stm32f4xx_exti.o" -o "StdPeriph_Driver/src/stm32f4xx_exti.o" "../StdPeriph_Driver/src/stm32f4xx_exti.c"
 
Finished building: ../StdPeriph_Driver/src/stm32f4xx_dcmi.c
Building file: ../StdPeriph_Driver/src/stm32f4xx_flash.c
Finished building: ../StdPeriph_Driver/src/stm32f4xx_dbgmcu.c
 
Invoking: MCU GCC Compiler
 
Building file: ../StdPeriph_Driver/src/stm32f4xx_flash_ramfunc.c
D:\MS\E-Courses\Mastering RTOS\RTOS_Workspace\STM32_FreeRTOS_Tasks_Delete\Debug
Finished building: ../StdPeriph_Driver/src/stm32f4xx_dfsdm.c
arm-none-eabi-gcc -mcpu=cortex-m4 -mthumb -mfloat-abi=hard -mfpu=fpv4-sp-d16 -DSTM32 -DSTM32F4 -DSTM32F446RETx -DNUCLEO_F446RE -DDEBUG -DSTM32F446xx -DUSE_STDPERIPH_DRIVER -I"D:/MS/E-Courses/Mastering RTOS/RTOS_Workspace/STM32_FreeRTOS_Tasks_Delete/Third-Party/FreeRTOS/org/Source/include" -I"D:/MS/E-Courses/Mastering RTOS/RTOS_Workspace/STM32_FreeRTOS_Tasks_Delete/Config" -I"D:/MS/E-Courses/Mastering RTOS/RTOS_Workspace/STM32_FreeRTOS_Tasks_Delete/Third-Party/FreeRTOS/org/Source/portable/GCC/ARM_CM4F" -I"D:/MS/E-Courses/Mastering RTOS/RTOS_Workspace/STM32_FreeRTOS_Tasks_Delete/StdPeriph_Driver/inc" -I"D:/MS/E-Courses/Mastering RTOS/RTOS_Workspace/STM32_FreeRTOS_Tasks_Delete/inc" -I"D:/MS/E-Courses/Mastering RTOS/RTOS_Workspace/STM32_FreeRTOS_Tasks_Delete/CMSIS/device" -I"D:/MS/E-Courses/Mastering RTOS/RTOS_Workspace/STM32_FreeRTOS_Tasks_Delete/CMSIS/core" -O0 -g3 -Wall -fmessage-length=0 -ffunction-sections -c -MMD -MP -MF"StdPeriph_Driver/src/stm32f4xx_flash.d" -MT"StdPeriph_Driver/src/stm32f4xx_flash.o" -o "StdPeriph_Driver/src/stm32f4xx_flash.o" "../StdPeriph_Driver/src/stm32f4xx_flash.c"
Building file: ../StdPeriph_Driver/src/stm32f4xx_fmc.c
Invoking: MCU GCC Compiler
 
Invoking: MCU GCC Compiler
Finished building: ../StdPeriph_Driver/src/stm32f4xx_dma.c
D:\MS\E-Courses\Mastering RTOS\RTOS_Workspace\STM32_FreeRTOS_Tasks_Delete\Debug
Building file: ../StdPeriph_Driver/src/stm32f4xx_fmip2c.c
arm-none-eabi-gcc -mcpu=cortex-m4 -mthumb -mfloat-abi=hard -mfpu=fpv4-sp-d16 -DSTM32 -DSTM32F4 -DSTM32F446RETx -DNUCLEO_F446RE -DDEBUG -DSTM32F446xx -DUSE_STDPERIPH_DRIVER -I"D:/MS/E-Courses/Mastering RTOS/RTOS_Workspace/STM32_FreeRTOS_Tasks_Delete/Third-Party/FreeRTOS/org/Source/include" -I"D:/MS/E-Courses/Mastering RTOS/RTOS_Workspace/STM32_FreeRTOS_Tasks_Delete/Config" -I"D:/MS/E-Courses/Mastering RTOS/RTOS_Workspace/STM32_FreeRTOS_Tasks_Delete/Third-Party/FreeRTOS/org/Source/portable/GCC/ARM_CM4F" -I"D:/MS/E-Courses/Mastering RTOS/RTOS_Workspace/STM32_FreeRTOS_Tasks_Delete/StdPeriph_Driver/inc" -I"D:/MS/E-Courses/Mastering RTOS/RTOS_Workspace/STM32_FreeRTOS_Tasks_Delete/inc" -I"D:/MS/E-Courses/Mastering RTOS/RTOS_Workspace/STM32_FreeRTOS_Tasks_Delete/CMSIS/device" -I"D:/MS/E-Courses/Mastering RTOS/RTOS_Workspace/STM32_FreeRTOS_Tasks_Delete/CMSIS/core" -O0 -g3 -Wall -fmessage-length=0 -ffunction-sections -c -MMD -MP -MF"StdPeriph_Driver/src/stm32f4xx_flash_ramfunc.d" -MT"StdPeriph_Driver/src/stm32f4xx_flash_ramfunc.o" -o "StdPeriph_Driver/src/stm32f4xx_flash_ramfunc.o" "../StdPeriph_Driver/src/stm32f4xx_flash_ramfunc.c"
 
D:\MS\E-Courses\Mastering RTOS\RTOS_Workspace\STM32_FreeRTOS_Tasks_Delete\Debug
Invoking: MCU GCC Compiler
arm-none-eabi-gcc -mcpu=cortex-m4 -mthumb -mfloat-abi=hard -mfpu=fpv4-sp-d16 -DSTM32 -DSTM32F4 -DSTM32F446RETx -DNUCLEO_F446RE -DDEBUG -DSTM32F446xx -DUSE_STDPERIPH_DRIVER -I"D:/MS/E-Courses/Mastering RTOS/RTOS_Workspace/STM32_FreeRTOS_Tasks_Delete/Third-Party/FreeRTOS/org/Source/include" -I"D:/MS/E-Courses/Mastering RTOS/RTOS_Workspace/STM32_FreeRTOS_Tasks_Delete/Config" -I"D:/MS/E-Courses/Mastering RTOS/RTOS_Workspace/STM32_FreeRTOS_Tasks_Delete/Third-Party/FreeRTOS/org/Source/portable/GCC/ARM_CM4F" -I"D:/MS/E-Courses/Mastering RTOS/RTOS_Workspace/STM32_FreeRTOS_Tasks_Delete/StdPeriph_Driver/inc" -I"D:/MS/E-Courses/Mastering RTOS/RTOS_Workspace/STM32_FreeRTOS_Tasks_Delete/inc" -I"D:/MS/E-Courses/Mastering RTOS/RTOS_Workspace/STM32_FreeRTOS_Tasks_Delete/CMSIS/device" -I"D:/MS/E-Courses/Mastering RTOS/RTOS_Workspace/STM32_FreeRTOS_Tasks_Delete/CMSIS/core" -O0 -g3 -Wall -fmessage-length=0 -ffunction-sections -c -MMD -MP -MF"StdPeriph_Driver/src/stm32f4xx_fmc.d" -MT"StdPeriph_Driver/src/stm32f4xx_fmc.o" -o "StdPeriph_Driver/src/stm32f4xx_fmc.o" "../StdPeriph_Driver/src/stm32f4xx_fmc.c"
Building file: ../StdPeriph_Driver/src/stm32f4xx_fsmc.c
D:\MS\E-Courses\Mastering RTOS\RTOS_Workspace\STM32_FreeRTOS_Tasks_Delete\Debug
Invoking: MCU GCC Compiler
arm-none-eabi-gcc -mcpu=cortex-m4 -mthumb -mfloat-abi=hard -mfpu=fpv4-sp-d16 -DSTM32 -DSTM32F4 -DSTM32F446RETx -DNUCLEO_F446RE -DDEBUG -DSTM32F446xx -DUSE_STDPERIPH_DRIVER -I"D:/MS/E-Courses/Mastering RTOS/RTOS_Workspace/STM32_FreeRTOS_Tasks_Delete/Third-Party/FreeRTOS/org/Source/include" -I"D:/MS/E-Courses/Mastering RTOS/RTOS_Workspace/STM32_FreeRTOS_Tasks_Delete/Config" -I"D:/MS/E-Courses/Mastering RTOS/RTOS_Workspace/STM32_FreeRTOS_Tasks_Delete/Third-Party/FreeRTOS/org/Source/portable/GCC/ARM_CM4F" -I"D:/MS/E-Courses/Mastering RTOS/RTOS_Workspace/STM32_FreeRTOS_Tasks_Delete/StdPeriph_Driver/inc" -I"D:/MS/E-Courses/Mastering RTOS/RTOS_Workspace/STM32_FreeRTOS_Tasks_Delete/inc" -I"D:/MS/E-Courses/Mastering RTOS/RTOS_Workspace/STM32_FreeRTOS_Tasks_Delete/CMSIS/device" -I"D:/MS/E-Courses/Mastering RTOS/RTOS_Workspace/STM32_FreeRTOS_Tasks_Delete/CMSIS/core" -O0 -g3 -Wall -fmessage-length=0 -ffunction-sections -c -MMD -MP -MF"StdPeriph_Driver/src/stm32f4xx_fmip2c.d" -MT"StdPeriph_Driver/src/stm32f4xx_fmip2c.o" -o "StdPeriph_Driver/src/stm32f4xx_fmip2c.o" "../StdPeriph_Driver/src/stm32f4xx_fmip2c.c"
Finished building: ../StdPeriph_Driver/src/stm32f4xx_dma2d.c
D:\MS\E-Courses\Mastering RTOS\RTOS_Workspace\STM32_FreeRTOS_Tasks_Delete\Debug
 
arm-none-eabi-gcc -mcpu=cortex-m4 -mthumb -mfloat-abi=hard -mfpu=fpv4-sp-d16 -DSTM32 -DSTM32F4 -DSTM32F446RETx -DNUCLEO_F446RE -DDEBUG -DSTM32F446xx -DUSE_STDPERIPH_DRIVER -I"D:/MS/E-Courses/Mastering RTOS/RTOS_Workspace/STM32_FreeRTOS_Tasks_Delete/Third-Party/FreeRTOS/org/Source/include" -I"D:/MS/E-Courses/Mastering RTOS/RTOS_Workspace/STM32_FreeRTOS_Tasks_Delete/Config" -I"D:/MS/E-Courses/Mastering RTOS/RTOS_Workspace/STM32_FreeRTOS_Tasks_Delete/Third-Party/FreeRTOS/org/Source/portable/GCC/ARM_CM4F" -I"D:/MS/E-Courses/Mastering RTOS/RTOS_Workspace/STM32_FreeRTOS_Tasks_Delete/StdPeriph_Driver/inc" -I"D:/MS/E-Courses/Mastering RTOS/RTOS_Workspace/STM32_FreeRTOS_Tasks_Delete/inc" -I"D:/MS/E-Courses/Mastering RTOS/RTOS_Workspace/STM32_FreeRTOS_Tasks_Delete/CMSIS/device" -I"D:/MS/E-Courses/Mastering RTOS/RTOS_Workspace/STM32_FreeRTOS_Tasks_Delete/CMSIS/core" -O0 -g3 -Wall -fmessage-length=0 -ffunction-sections -c -MMD -MP -MF"StdPeriph_Driver/src/stm32f4xx_fsmc.d" -MT"StdPeriph_Driver/src/stm32f4xx_fsmc.o" -o "StdPeriph_Driver/src/stm32f4xx_fsmc.o" "../StdPeriph_Driver/src/stm32f4xx_fsmc.c"
Building file: ../StdPeriph_Driver/src/stm32f4xx_gpio.c
Finished building: ../StdPeriph_Driver/src/stm32f4xx_dsi.c
Invoking: MCU GCC Compiler
 
Building file: ../StdPeriph_Driver/src/stm32f4xx_hash.c
D:\MS\E-Courses\Mastering RTOS\RTOS_Workspace\STM32_FreeRTOS_Tasks_Delete\Debug
arm-none-eabi-gcc -mcpu=cortex-m4 -mthumb -mfloat-abi=hard -mfpu=fpv4-sp-d16 -DSTM32 -DSTM32F4 -DSTM32F446RETx -DNUCLEO_F446RE -DDEBUG -DSTM32F446xx -DUSE_STDPERIPH_DRIVER -I"D:/MS/E-Courses/Mastering RTOS/RTOS_Workspace/STM32_FreeRTOS_Tasks_Delete/Third-Party/FreeRTOS/org/Source/include" -I"D:/MS/E-Courses/Mastering RTOS/RTOS_Workspace/STM32_FreeRTOS_Tasks_Delete/Config" -I"D:/MS/E-Courses/Mastering RTOS/RTOS_Workspace/STM32_FreeRTOS_Tasks_Delete/Third-Party/FreeRTOS/org/Source/portable/GCC/ARM_CM4F" -I"D:/MS/E-Courses/Mastering RTOS/RTOS_Workspace/STM32_FreeRTOS_Tasks_Delete/StdPeriph_Driver/inc" -I"D:/MS/E-Courses/Mastering RTOS/RTOS_Workspace/STM32_FreeRTOS_Tasks_Delete/inc" -I"D:/MS/E-Courses/Mastering RTOS/RTOS_Workspace/STM32_FreeRTOS_Tasks_Delete/CMSIS/device" -I"D:/MS/E-Courses/Mastering RTOS/RTOS_Workspace/STM32_FreeRTOS_Tasks_Delete/CMSIS/core" -O0 -g3 -Wall -fmessage-length=0 -ffunction-sections -c -MMD -MP -MF"StdPeriph_Driver/src/stm32f4xx_gpio.d" -MT"StdPeriph_Driver/src/stm32f4xx_gpio.o" -o "StdPeriph_Driver/src/stm32f4xx_gpio.o" "../StdPeriph_Driver/src/stm32f4xx_gpio.c"
Invoking: MCU GCC Compiler
D:\MS\E-Courses\Mastering RTOS\RTOS_Workspace\STM32_FreeRTOS_Tasks_Delete\Debug
arm-none-eabi-gcc -mcpu=cortex-m4 -mthumb -mfloat-abi=hard -mfpu=fpv4-sp-d16 -DSTM32 -DSTM32F4 -DSTM32F446RETx -DNUCLEO_F446RE -DDEBUG -DSTM32F446xx -DUSE_STDPERIPH_DRIVER -I"D:/MS/E-Courses/Mastering RTOS/RTOS_Workspace/STM32_FreeRTOS_Tasks_Delete/Third-Party/FreeRTOS/org/Source/include" -I"D:/MS/E-Courses/Mastering RTOS/RTOS_Workspace/STM32_FreeRTOS_Tasks_Delete/Config" -I"D:/MS/E-Courses/Mastering RTOS/RTOS_Workspace/STM32_FreeRTOS_Tasks_Delete/Third-Party/FreeRTOS/org/Source/portable/GCC/ARM_CM4F" -I"D:/MS/E-Courses/Mastering RTOS/RTOS_Workspace/STM32_FreeRTOS_Tasks_Delete/StdPeriph_Driver/inc" -I"D:/MS/E-Courses/Mastering RTOS/RTOS_Workspace/STM32_FreeRTOS_Tasks_Delete/inc" -I"D:/MS/E-Courses/Mastering RTOS/RTOS_Workspace/STM32_FreeRTOS_Tasks_Delete/CMSIS/device" -I"D:/MS/E-Courses/Mastering RTOS/RTOS_Workspace/STM32_FreeRTOS_Tasks_Delete/CMSIS/core" -O0 -g3 -Wall -fmessage-length=0 -ffunction-sections -c -MMD -MP -MF"StdPeriph_Driver/src/stm32f4xx_hash.d" -MT"StdPeriph_Driver/src/stm32f4xx_hash.o" -o "StdPeriph_Driver/src/stm32f4xx_hash.o" "../StdPeriph_Driver/src/stm32f4xx_hash.c"
Finished building: ../StdPeriph_Driver/src/stm32f4xx_exti.c
 
Building file: ../StdPeriph_Driver/src/stm32f4xx_hash_md5.c
Invoking: MCU GCC Compiler
D:\MS\E-Courses\Mastering RTOS\RTOS_Workspace\STM32_FreeRTOS_Tasks_Delete\Debug
arm-none-eabi-gcc -mcpu=cortex-m4 -mthumb -mfloat-abi=hard -mfpu=fpv4-sp-d16 -DSTM32 -DSTM32F4 -DSTM32F446RETx -DNUCLEO_F446RE -DDEBUG -DSTM32F446xx -DUSE_STDPERIPH_DRIVER -I"D:/MS/E-Courses/Mastering RTOS/RTOS_Workspace/STM32_FreeRTOS_Tasks_Delete/Third-Party/FreeRTOS/org/Source/include" -I"D:/MS/E-Courses/Mastering RTOS/RTOS_Workspace/STM32_FreeRTOS_Tasks_Delete/Config" -I"D:/MS/E-Courses/Mastering RTOS/RTOS_Workspace/STM32_FreeRTOS_Tasks_Delete/Third-Party/FreeRTOS/org/Source/portable/GCC/ARM_CM4F" -I"D:/MS/E-Courses/Mastering RTOS/RTOS_Workspace/STM32_FreeRTOS_Tasks_Delete/StdPeriph_Driver/inc" -I"D:/MS/E-Courses/Mastering RTOS/RTOS_Workspace/STM32_FreeRTOS_Tasks_Delete/inc" -I"D:/MS/E-Courses/Mastering RTOS/RTOS_Workspace/STM32_FreeRTOS_Tasks_Delete/CMSIS/device" -I"D:/MS/E-Courses/Mastering RTOS/RTOS_Workspace/STM32_FreeRTOS_Tasks_Delete/CMSIS/core" -O0 -g3 -Wall -fmessage-length=0 -ffunction-sections -c -MMD -MP -MF"StdPeriph_Driver/src/stm32f4xx_hash_md5.d" -MT"StdPeriph_Driver/src/stm32f4xx_hash_md5.o" -o "StdPeriph_Driver/src/stm32f4xx_hash_md5.o" "../StdPeriph_Driver/src/stm32f4xx_hash_md5.c"
Finished building: ../StdPeriph_Driver/src/stm32f4xx_flash_ramfunc.c
 
Building file: ../StdPeriph_Driver/src/stm32f4xx_hash_sha1.c
Finished building: ../StdPeriph_Driver/src/stm32f4xx_flash.c
Finished building: ../StdPeriph_Driver/src/stm32f4xx_fmc.c
Invoking: MCU GCC Compiler
 
D:\MS\E-Courses\Mastering RTOS\RTOS_Workspace\STM32_FreeRTOS_Tasks_Delete\Debug
 
arm-none-eabi-gcc -mcpu=cortex-m4 -mthumb -mfloat-abi=hard -mfpu=fpv4-sp-d16 -DSTM32 -DSTM32F4 -DSTM32F446RETx -DNUCLEO_F446RE -DDEBUG -DSTM32F446xx -DUSE_STDPERIPH_DRIVER -I"D:/MS/E-Courses/Mastering RTOS/RTOS_Workspace/STM32_FreeRTOS_Tasks_Delete/Third-Party/FreeRTOS/org/Source/include" -I"D:/MS/E-Courses/Mastering RTOS/RTOS_Workspace/STM32_FreeRTOS_Tasks_Delete/Config" -I"D:/MS/E-Courses/Mastering RTOS/RTOS_Workspace/STM32_FreeRTOS_Tasks_Delete/Third-Party/FreeRTOS/org/Source/portable/GCC/ARM_CM4F" -I"D:/MS/E-Courses/Mastering RTOS/RTOS_Workspace/STM32_FreeRTOS_Tasks_Delete/StdPeriph_Driver/inc" -I"D:/MS/E-Courses/Mastering RTOS/RTOS_Workspace/STM32_FreeRTOS_Tasks_Delete/inc" -I"D:/MS/E-Courses/Mastering RTOS/RTOS_Workspace/STM32_FreeRTOS_Tasks_Delete/CMSIS/device" -I"D:/MS/E-Courses/Mastering RTOS/RTOS_Workspace/STM32_FreeRTOS_Tasks_Delete/CMSIS/core" -O0 -g3 -Wall -fmessage-length=0 -ffunction-sections -c -MMD -MP -MF"StdPeriph_Driver/src/stm32f4xx_hash_sha1.d" -MT"StdPeriph_Driver/src/stm32f4xx_hash_sha1.o" -o "StdPeriph_Driver/src/stm32f4xx_hash_sha1.o" "../StdPeriph_Driver/src/stm32f4xx_hash_sha1.c"
Building file: ../StdPeriph_Driver/src/stm32f4xx_i2c.c
Finished building: ../StdPeriph_Driver/src/stm32f4xx_fmip2c.c
Finished building: ../StdPeriph_Driver/src/stm32f4xx_fsmc.c
Building file: ../StdPeriph_Driver/src/stm32f4xx_iwdg.c
 
Invoking: MCU GCC Compiler
 
Invoking: MCU GCC Compiler
D:\MS\E-Courses\Mastering RTOS\RTOS_Workspace\STM32_FreeRTOS_Tasks_Delete\Debug
Building file: ../StdPeriph_Driver/src/stm32f4xx_lptim.c
arm-none-eabi-gcc -mcpu=cortex-m4 -mthumb -mfloat-abi=hard -mfpu=fpv4-sp-d16 -DSTM32 -DSTM32F4 -DSTM32F446RETx -DNUCLEO_F446RE -DDEBUG -DSTM32F446xx -DUSE_STDPERIPH_DRIVER -I"D:/MS/E-Courses/Mastering RTOS/RTOS_Workspace/STM32_FreeRTOS_Tasks_Delete/Third-Party/FreeRTOS/org/Source/include" -I"D:/MS/E-Courses/Mastering RTOS/RTOS_Workspace/STM32_FreeRTOS_Tasks_Delete/Config" -I"D:/MS/E-Courses/Mastering RTOS/RTOS_Workspace/STM32_FreeRTOS_Tasks_Delete/Third-Party/FreeRTOS/org/Source/portable/GCC/ARM_CM4F" -I"D:/MS/E-Courses/Mastering RTOS/RTOS_Workspace/STM32_FreeRTOS_Tasks_Delete/StdPeriph_Driver/inc" -I"D:/MS/E-Courses/Mastering RTOS/RTOS_Workspace/STM32_FreeRTOS_Tasks_Delete/inc" -I"D:/MS/E-Courses/Mastering RTOS/RTOS_Workspace/STM32_FreeRTOS_Tasks_Delete/CMSIS/device" -I"D:/MS/E-Courses/Mastering RTOS/RTOS_Workspace/STM32_FreeRTOS_Tasks_Delete/CMSIS/core" -O0 -g3 -Wall -fmessage-length=0 -ffunction-sections -c -MMD -MP -MF"StdPeriph_Driver/src/stm32f4xx_i2c.d" -MT"StdPeriph_Driver/src/stm32f4xx_i2c.o" -o "StdPeriph_Driver/src/stm32f4xx_i2c.o" "../StdPeriph_Driver/src/stm32f4xx_i2c.c"
Building file: ../StdPeriph_Driver/src/stm32f4xx_ltdc.c
D:\MS\E-Courses\Mastering RTOS\RTOS_Workspace\STM32_FreeRTOS_Tasks_Delete\Debug
arm-none-eabi-gcc -mcpu=cortex-m4 -mthumb -mfloat-abi=hard -mfpu=fpv4-sp-d16 -DSTM32 -DSTM32F4 -DSTM32F446RETx -DNUCLEO_F446RE -DDEBUG -DSTM32F446xx -DUSE_STDPERIPH_DRIVER -I"D:/MS/E-Courses/Mastering RTOS/RTOS_Workspace/STM32_FreeRTOS_Tasks_Delete/Third-Party/FreeRTOS/org/Source/include" -I"D:/MS/E-Courses/Mastering RTOS/RTOS_Workspace/STM32_FreeRTOS_Tasks_Delete/Config" -I"D:/MS/E-Courses/Mastering RTOS/RTOS_Workspace/STM32_FreeRTOS_Tasks_Delete/Third-Party/FreeRTOS/org/Source/portable/GCC/ARM_CM4F" -I"D:/MS/E-Courses/Mastering RTOS/RTOS_Workspace/STM32_FreeRTOS_Tasks_Delete/StdPeriph_Driver/inc" -I"D:/MS/E-Courses/Mastering RTOS/RTOS_Workspace/STM32_FreeRTOS_Tasks_Delete/inc" -I"D:/MS/E-Courses/Mastering RTOS/RTOS_Workspace/STM32_FreeRTOS_Tasks_Delete/CMSIS/device" -I"D:/MS/E-Courses/Mastering RTOS/RTOS_Workspace/STM32_FreeRTOS_Tasks_Delete/CMSIS/core" -O0 -g3 -Wall -fmessage-length=0 -ffunction-sections -c -MMD -MP -MF"StdPeriph_Driver/src/stm32f4xx_iwdg.d" -MT"StdPeriph_Driver/src/stm32f4xx_iwdg.o" -o "StdPeriph_Driver/src/stm32f4xx_iwdg.o" "../StdPeriph_Driver/src/stm32f4xx_iwdg.c"
Invoking: MCU GCC Compiler
Invoking: MCU GCC Compiler
D:\MS\E-Courses\Mastering RTOS\RTOS_Workspace\STM32_FreeRTOS_Tasks_Delete\Debug
arm-none-eabi-gcc -mcpu=cortex-m4 -mthumb -mfloat-abi=hard -mfpu=fpv4-sp-d16 -DSTM32 -DSTM32F4 -DSTM32F446RETx -DNUCLEO_F446RE -DDEBUG -DSTM32F446xx -DUSE_STDPERIPH_DRIVER -I"D:/MS/E-Courses/Mastering RTOS/RTOS_Workspace/STM32_FreeRTOS_Tasks_Delete/Third-Party/FreeRTOS/org/Source/include" -I"D:/MS/E-Courses/Mastering RTOS/RTOS_Workspace/STM32_FreeRTOS_Tasks_Delete/Config" -I"D:/MS/E-Courses/Mastering RTOS/RTOS_Workspace/STM32_FreeRTOS_Tasks_Delete/Third-Party/FreeRTOS/org/Source/portable/GCC/ARM_CM4F" -I"D:/MS/E-Courses/Mastering RTOS/RTOS_Workspace/STM32_FreeRTOS_Tasks_Delete/StdPeriph_Driver/inc" -I"D:/MS/E-Courses/Mastering RTOS/RTOS_Workspace/STM32_FreeRTOS_Tasks_Delete/inc" -I"D:/MS/E-Courses/Mastering RTOS/RTOS_Workspace/STM32_FreeRTOS_Tasks_Delete/CMSIS/device" -I"D:/MS/E-Courses/Mastering RTOS/RTOS_Workspace/STM32_FreeRTOS_Tasks_Delete/CMSIS/core" -O0 -g3 -Wall -fmessage-length=0 -ffunction-sections -c -MMD -MP -MF"StdPeriph_Driver/src/stm32f4xx_lptim.d" -MT"StdPeriph_Driver/src/stm32f4xx_lptim.o" -o "StdPeriph_Driver/src/stm32f4xx_lptim.o" "../StdPeriph_Driver/src/stm32f4xx_lptim.c"
D:\MS\E-Courses\Mastering RTOS\RTOS_Workspace\STM32_FreeRTOS_Tasks_Delete\Debug
arm-none-eabi-gcc -mcpu=cortex-m4 -mthumb -mfloat-abi=hard -mfpu=fpv4-sp-d16 -DSTM32 -DSTM32F4 -DSTM32F446RETx -DNUCLEO_F446RE -DDEBUG -DSTM32F446xx -DUSE_STDPERIPH_DRIVER -I"D:/MS/E-Courses/Mastering RTOS/RTOS_Workspace/STM32_FreeRTOS_Tasks_Delete/Third-Party/FreeRTOS/org/Source/include" -I"D:/MS/E-Courses/Mastering RTOS/RTOS_Workspace/STM32_FreeRTOS_Tasks_Delete/Config" -I"D:/MS/E-Courses/Mastering RTOS/RTOS_Workspace/STM32_FreeRTOS_Tasks_Delete/Third-Party/FreeRTOS/org/Source/portable/GCC/ARM_CM4F" -I"D:/MS/E-Courses/Mastering RTOS/RTOS_Workspace/STM32_FreeRTOS_Tasks_Delete/StdPeriph_Driver/inc" -I"D:/MS/E-Courses/Mastering RTOS/RTOS_Workspace/STM32_FreeRTOS_Tasks_Delete/inc" -I"D:/MS/E-Courses/Mastering RTOS/RTOS_Workspace/STM32_FreeRTOS_Tasks_Delete/CMSIS/device" -I"D:/MS/E-Courses/Mastering RTOS/RTOS_Workspace/STM32_FreeRTOS_Tasks_Delete/CMSIS/core" -O0 -g3 -Wall -fmessage-length=0 -ffunction-sections -c -MMD -MP -MF"StdPeriph_Driver/src/stm32f4xx_ltdc.d" -MT"StdPeriph_Driver/src/stm32f4xx_ltdc.o" -o "StdPeriph_Driver/src/stm32f4xx_ltdc.o" "../StdPeriph_Driver/src/stm32f4xx_ltdc.c"
Finished building: ../StdPeriph_Driver/src/stm32f4xx_gpio.c
 
Finished building: ../StdPeriph_Driver/src/stm32f4xx_hash.c
 
Building file: ../StdPeriph_Driver/src/stm32f4xx_pwr.c
Building file: ../StdPeriph_Driver/src/stm32f4xx_qspi.c
Invoking: MCU GCC Compiler
Invoking: MCU GCC Compiler
D:\MS\E-Courses\Mastering RTOS\RTOS_Workspace\STM32_FreeRTOS_Tasks_Delete\Debug
arm-none-eabi-gcc -mcpu=cortex-m4 -mthumb -mfloat-abi=hard -mfpu=fpv4-sp-d16 -DSTM32 -DSTM32F4 -DSTM32F446RETx -DNUCLEO_F446RE -DDEBUG -DSTM32F446xx -DUSE_STDPERIPH_DRIVER -I"D:/MS/E-Courses/Mastering RTOS/RTOS_Workspace/STM32_FreeRTOS_Tasks_Delete/Third-Party/FreeRTOS/org/Source/include" -I"D:/MS/E-Courses/Mastering RTOS/RTOS_Workspace/STM32_FreeRTOS_Tasks_Delete/Config" -I"D:/MS/E-Courses/Mastering RTOS/RTOS_Workspace/STM32_FreeRTOS_Tasks_Delete/Third-Party/FreeRTOS/org/Source/portable/GCC/ARM_CM4F" -I"D:/MS/E-Courses/Mastering RTOS/RTOS_Workspace/STM32_FreeRTOS_Tasks_Delete/StdPeriph_Driver/inc" -I"D:/MS/E-Courses/Mastering RTOS/RTOS_Workspace/STM32_FreeRTOS_Tasks_Delete/inc" -I"D:/MS/E-Courses/Mastering RTOS/RTOS_Workspace/STM32_FreeRTOS_Tasks_Delete/CMSIS/device" -I"D:/MS/E-Courses/Mastering RTOS/RTOS_Workspace/STM32_FreeRTOS_Tasks_Delete/CMSIS/core" -O0 -g3 -Wall -fmessage-length=0 -ffunction-sections -c -MMD -MP -MF"StdPeriph_Driver/src/stm32f4xx_pwr.d" -MT"StdPeriph_Driver/src/stm32f4xx_pwr.o" -o "StdPeriph_Driver/src/stm32f4xx_pwr.o" "../StdPeriph_Driver/src/stm32f4xx_pwr.c"
D:\MS\E-Courses\Mastering RTOS\RTOS_Workspace\STM32_FreeRTOS_Tasks_Delete\Debug
arm-none-eabi-gcc -mcpu=cortex-m4 -mthumb -mfloat-abi=hard -mfpu=fpv4-sp-d16 -DSTM32 -DSTM32F4 -DSTM32F446RETx -DNUCLEO_F446RE -DDEBUG -DSTM32F446xx -DUSE_STDPERIPH_DRIVER -I"D:/MS/E-Courses/Mastering RTOS/RTOS_Workspace/STM32_FreeRTOS_Tasks_Delete/Third-Party/FreeRTOS/org/Source/include" -I"D:/MS/E-Courses/Mastering RTOS/RTOS_Workspace/STM32_FreeRTOS_Tasks_Delete/Config" -I"D:/MS/E-Courses/Mastering RTOS/RTOS_Workspace/STM32_FreeRTOS_Tasks_Delete/Third-Party/FreeRTOS/org/Source/portable/GCC/ARM_CM4F" -I"D:/MS/E-Courses/Mastering RTOS/RTOS_Workspace/STM32_FreeRTOS_Tasks_Delete/StdPeriph_Driver/inc" -I"D:/MS/E-Courses/Mastering RTOS/RTOS_Workspace/STM32_FreeRTOS_Tasks_Delete/inc" -I"D:/MS/E-Courses/Mastering RTOS/RTOS_Workspace/STM32_FreeRTOS_Tasks_Delete/CMSIS/device" -I"D:/MS/E-Courses/Mastering RTOS/RTOS_Workspace/STM32_FreeRTOS_Tasks_Delete/CMSIS/core" -O0 -g3 -Wall -fmessage-length=0 -ffunction-sections -c -MMD -MP -MF"StdPeriph_Driver/src/stm32f4xx_qspi.d" -MT"StdPeriph_Driver/src/stm32f4xx_qspi.o" -o "StdPeriph_Driver/src/stm32f4xx_qspi.o" "../StdPeriph_Driver/src/stm32f4xx_qspi.c"
Finished building: ../StdPeriph_Driver/src/stm32f4xx_hash_md5.c
 
Building file: ../StdPeriph_Driver/src/stm32f4xx_rcc.c
Invoking: MCU GCC Compiler
D:\MS\E-Courses\Mastering RTOS\RTOS_Workspace\STM32_FreeRTOS_Tasks_Delete\Debug
arm-none-eabi-gcc -mcpu=cortex-m4 -mthumb -mfloat-abi=hard -mfpu=fpv4-sp-d16 -DSTM32 -DSTM32F4 -DSTM32F446RETx -DNUCLEO_F446RE -DDEBUG -DSTM32F446xx -DUSE_STDPERIPH_DRIVER -I"D:/MS/E-Courses/Mastering RTOS/RTOS_Workspace/STM32_FreeRTOS_Tasks_Delete/Third-Party/FreeRTOS/org/Source/include" -I"D:/MS/E-Courses/Mastering RTOS/RTOS_Workspace/STM32_FreeRTOS_Tasks_Delete/Config" -I"D:/MS/E-Courses/Mastering RTOS/RTOS_Workspace/STM32_FreeRTOS_Tasks_Delete/Third-Party/FreeRTOS/org/Source/portable/GCC/ARM_CM4F" -I"D:/MS/E-Courses/Mastering RTOS/RTOS_Workspace/STM32_FreeRTOS_Tasks_Delete/StdPeriph_Driver/inc" -I"D:/MS/E-Courses/Mastering RTOS/RTOS_Workspace/STM32_FreeRTOS_Tasks_Delete/inc" -I"D:/MS/E-Courses/Mastering RTOS/RTOS_Workspace/STM32_FreeRTOS_Tasks_Delete/CMSIS/device" -I"D:/MS/E-Courses/Mastering RTOS/RTOS_Workspace/STM32_FreeRTOS_Tasks_Delete/CMSIS/core" -O0 -g3 -Wall -fmessage-length=0 -ffunction-sections -c -MMD -MP -MF"StdPeriph_Driver/src/stm32f4xx_rcc.d" -MT"StdPeriph_Driver/src/stm32f4xx_rcc.o" -o "StdPeriph_Driver/src/stm32f4xx_rcc.o" "../StdPeriph_Driver/src/stm32f4xx_rcc.c"
Finished building: ../StdPeriph_Driver/src/stm32f4xx_hash_sha1.c
Finished building: ../StdPeriph_Driver/src/stm32f4xx_iwdg.c
 
 
Finished building: ../StdPeriph_Driver/src/stm32f4xx_lptim.c
Building file: ../StdPeriph_Driver/src/stm32f4xx_rng.c
Building file: ../StdPeriph_Driver/src/stm32f4xx_rtc.c
 
Finished building: ../StdPeriph_Driver/src/stm32f4xx_i2c.c
Invoking: MCU GCC Compiler
Invoking: MCU GCC Compiler
 
Building file: ../StdPeriph_Driver/src/stm32f4xx_sai.c
D:\MS\E-Courses\Mastering RTOS\RTOS_Workspace\STM32_FreeRTOS_Tasks_Delete\Debug
Building file: ../StdPeriph_Driver/src/stm32f4xx_sdio.c
D:\MS\E-Courses\Mastering RTOS\RTOS_Workspace\STM32_FreeRTOS_Tasks_Delete\Debug
arm-none-eabi-gcc -mcpu=cortex-m4 -mthumb -mfloat-abi=hard -mfpu=fpv4-sp-d16 -DSTM32 -DSTM32F4 -DSTM32F446RETx -DNUCLEO_F446RE -DDEBUG -DSTM32F446xx -DUSE_STDPERIPH_DRIVER -I"D:/MS/E-Courses/Mastering RTOS/RTOS_Workspace/STM32_FreeRTOS_Tasks_Delete/Third-Party/FreeRTOS/org/Source/include" -I"D:/MS/E-Courses/Mastering RTOS/RTOS_Workspace/STM32_FreeRTOS_Tasks_Delete/Config" -I"D:/MS/E-Courses/Mastering RTOS/RTOS_Workspace/STM32_FreeRTOS_Tasks_Delete/Third-Party/FreeRTOS/org/Source/portable/GCC/ARM_CM4F" -I"D:/MS/E-Courses/Mastering RTOS/RTOS_Workspace/STM32_FreeRTOS_Tasks_Delete/StdPeriph_Driver/inc" -I"D:/MS/E-Courses/Mastering RTOS/RTOS_Workspace/STM32_FreeRTOS_Tasks_Delete/inc" -I"D:/MS/E-Courses/Mastering RTOS/RTOS_Workspace/STM32_FreeRTOS_Tasks_Delete/CMSIS/device" -I"D:/MS/E-Courses/Mastering RTOS/RTOS_Workspace/STM32_FreeRTOS_Tasks_Delete/CMSIS/core" -O0 -g3 -Wall -fmessage-length=0 -ffunction-sections -c -MMD -MP -MF"StdPeriph_Driver/src/stm32f4xx_rng.d" -MT"StdPeriph_Driver/src/stm32f4xx_rng.o" -o "StdPeriph_Driver/src/stm32f4xx_rng.o" "../StdPeriph_Driver/src/stm32f4xx_rng.c"
arm-none-eabi-gcc -mcpu=cortex-m4 -mthumb -mfloat-abi=hard -mfpu=fpv4-sp-d16 -DSTM32 -DSTM32F4 -DSTM32F446RETx -DNUCLEO_F446RE -DDEBUG -DSTM32F446xx -DUSE_STDPERIPH_DRIVER -I"D:/MS/E-Courses/Mastering RTOS/RTOS_Workspace/STM32_FreeRTOS_Tasks_Delete/Third-Party/FreeRTOS/org/Source/include" -I"D:/MS/E-Courses/Mastering RTOS/RTOS_Workspace/STM32_FreeRTOS_Tasks_Delete/Config" -I"D:/MS/E-Courses/Mastering RTOS/RTOS_Workspace/STM32_FreeRTOS_Tasks_Delete/Third-Party/FreeRTOS/org/Source/portable/GCC/ARM_CM4F" -I"D:/MS/E-Courses/Mastering RTOS/RTOS_Workspace/STM32_FreeRTOS_Tasks_Delete/StdPeriph_Driver/inc" -I"D:/MS/E-Courses/Mastering RTOS/RTOS_Workspace/STM32_FreeRTOS_Tasks_Delete/inc" -I"D:/MS/E-Courses/Mastering RTOS/RTOS_Workspace/STM32_FreeRTOS_Tasks_Delete/CMSIS/device" -I"D:/MS/E-Courses/Mastering RTOS/RTOS_Workspace/STM32_FreeRTOS_Tasks_Delete/CMSIS/core" -O0 -g3 -Wall -fmessage-length=0 -ffunction-sections -c -MMD -MP -MF"StdPeriph_Driver/src/stm32f4xx_rtc.d" -MT"StdPeriph_Driver/src/stm32f4xx_rtc.o" -o "StdPeriph_Driver/src/stm32f4xx_rtc.o" "../StdPeriph_Driver/src/stm32f4xx_rtc.c"
Invoking: MCU GCC Compiler
Invoking: MCU GCC Compiler
D:\MS\E-Courses\Mastering RTOS\RTOS_Workspace\STM32_FreeRTOS_Tasks_Delete\Debug
D:\MS\E-Courses\Mastering RTOS\RTOS_Workspace\STM32_FreeRTOS_Tasks_Delete\Debug
arm-none-eabi-gcc -mcpu=cortex-m4 -mthumb -mfloat-abi=hard -mfpu=fpv4-sp-d16 -DSTM32 -DSTM32F4 -DSTM32F446RETx -DNUCLEO_F446RE -DDEBUG -DSTM32F446xx -DUSE_STDPERIPH_DRIVER -I"D:/MS/E-Courses/Mastering RTOS/RTOS_Workspace/STM32_FreeRTOS_Tasks_Delete/Third-Party/FreeRTOS/org/Source/include" -I"D:/MS/E-Courses/Mastering RTOS/RTOS_Workspace/STM32_FreeRTOS_Tasks_Delete/Config" -I"D:/MS/E-Courses/Mastering RTOS/RTOS_Workspace/STM32_FreeRTOS_Tasks_Delete/Third-Party/FreeRTOS/org/Source/portable/GCC/ARM_CM4F" -I"D:/MS/E-Courses/Mastering RTOS/RTOS_Workspace/STM32_FreeRTOS_Tasks_Delete/StdPeriph_Driver/inc" -I"D:/MS/E-Courses/Mastering RTOS/RTOS_Workspace/STM32_FreeRTOS_Tasks_Delete/inc" -I"D:/MS/E-Courses/Mastering RTOS/RTOS_Workspace/STM32_FreeRTOS_Tasks_Delete/CMSIS/device" -I"D:/MS/E-Courses/Mastering RTOS/RTOS_Workspace/STM32_FreeRTOS_Tasks_Delete/CMSIS/core" -O0 -g3 -Wall -fmessage-length=0 -ffunction-sections -c -MMD -MP -MF"StdPeriph_Driver/src/stm32f4xx_sai.d" -MT"StdPeriph_Driver/src/stm32f4xx_sai.o" -o "StdPeriph_Driver/src/stm32f4xx_sai.o" "../StdPeriph_Driver/src/stm32f4xx_sai.c"
Finished building: ../StdPeriph_Driver/src/stm32f4xx_ltdc.c
arm-none-eabi-gcc -mcpu=cortex-m4 -mthumb -mfloat-abi=hard -mfpu=fpv4-sp-d16 -DSTM32 -DSTM32F4 -DSTM32F446RETx -DNUCLEO_F446RE -DDEBUG -DSTM32F446xx -DUSE_STDPERIPH_DRIVER -I"D:/MS/E-Courses/Mastering RTOS/RTOS_Workspace/STM32_FreeRTOS_Tasks_Delete/Third-Party/FreeRTOS/org/Source/include" -I"D:/MS/E-Courses/Mastering RTOS/RTOS_Workspace/STM32_FreeRTOS_Tasks_Delete/Config" -I"D:/MS/E-Courses/Mastering RTOS/RTOS_Workspace/STM32_FreeRTOS_Tasks_Delete/Third-Party/FreeRTOS/org/Source/portable/GCC/ARM_CM4F" -I"D:/MS/E-Courses/Mastering RTOS/RTOS_Workspace/STM32_FreeRTOS_Tasks_Delete/StdPeriph_Driver/inc" -I"D:/MS/E-Courses/Mastering RTOS/RTOS_Workspace/STM32_FreeRTOS_Tasks_Delete/inc" -I"D:/MS/E-Courses/Mastering RTOS/RTOS_Workspace/STM32_FreeRTOS_Tasks_Delete/CMSIS/device" -I"D:/MS/E-Courses/Mastering RTOS/RTOS_Workspace/STM32_FreeRTOS_Tasks_Delete/CMSIS/core" -O0 -g3 -Wall -fmessage-length=0 -ffunction-sections -c -MMD -MP -MF"StdPeriph_Driver/src/stm32f4xx_sdio.d" -MT"StdPeriph_Driver/src/stm32f4xx_sdio.o" -o "StdPeriph_Driver/src/stm32f4xx_sdio.o" "../StdPeriph_Driver/src/stm32f4xx_sdio.c"
 
Building file: ../StdPeriph_Driver/src/stm32f4xx_spdifrx.c
Invoking: MCU GCC Compiler
Finished building: ../StdPeriph_Driver/src/stm32f4xx_pwr.c
D:\MS\E-Courses\Mastering RTOS\RTOS_Workspace\STM32_FreeRTOS_Tasks_Delete\Debug
 
arm-none-eabi-gcc -mcpu=cortex-m4 -mthumb -mfloat-abi=hard -mfpu=fpv4-sp-d16 -DSTM32 -DSTM32F4 -DSTM32F446RETx -DNUCLEO_F446RE -DDEBUG -DSTM32F446xx -DUSE_STDPERIPH_DRIVER -I"D:/MS/E-Courses/Mastering RTOS/RTOS_Workspace/STM32_FreeRTOS_Tasks_Delete/Third-Party/FreeRTOS/org/Source/include" -I"D:/MS/E-Courses/Mastering RTOS/RTOS_Workspace/STM32_FreeRTOS_Tasks_Delete/Config" -I"D:/MS/E-Courses/Mastering RTOS/RTOS_Workspace/STM32_FreeRTOS_Tasks_Delete/Third-Party/FreeRTOS/org/Source/portable/GCC/ARM_CM4F" -I"D:/MS/E-Courses/Mastering RTOS/RTOS_Workspace/STM32_FreeRTOS_Tasks_Delete/StdPeriph_Driver/inc" -I"D:/MS/E-Courses/Mastering RTOS/RTOS_Workspace/STM32_FreeRTOS_Tasks_Delete/inc" -I"D:/MS/E-Courses/Mastering RTOS/RTOS_Workspace/STM32_FreeRTOS_Tasks_Delete/CMSIS/device" -I"D:/MS/E-Courses/Mastering RTOS/RTOS_Workspace/STM32_FreeRTOS_Tasks_Delete/CMSIS/core" -O0 -g3 -Wall -fmessage-length=0 -ffunction-sections -c -MMD -MP -MF"StdPeriph_Driver/src/stm32f4xx_spdifrx.d" -MT"StdPeriph_Driver/src/stm32f4xx_spdifrx.o" -o "StdPeriph_Driver/src/stm32f4xx_spdifrx.o" "../StdPeriph_Driver/src/stm32f4xx_spdifrx.c"
Finished building: ../StdPeriph_Driver/src/stm32f4xx_qspi.c
Building file: ../StdPeriph_Driver/src/stm32f4xx_spi.c
 
Invoking: MCU GCC Compiler
D:\MS\E-Courses\Mastering RTOS\RTOS_Workspace\STM32_FreeRTOS_Tasks_Delete\Debug
Building file: ../StdPeriph_Driver/src/stm32f4xx_syscfg.c
arm-none-eabi-gcc -mcpu=cortex-m4 -mthumb -mfloat-abi=hard -mfpu=fpv4-sp-d16 -DSTM32 -DSTM32F4 -DSTM32F446RETx -DNUCLEO_F446RE -DDEBUG -DSTM32F446xx -DUSE_STDPERIPH_DRIVER -I"D:/MS/E-Courses/Mastering RTOS/RTOS_Workspace/STM32_FreeRTOS_Tasks_Delete/Third-Party/FreeRTOS/org/Source/include" -I"D:/MS/E-Courses/Mastering RTOS/RTOS_Workspace/STM32_FreeRTOS_Tasks_Delete/Config" -I"D:/MS/E-Courses/Mastering RTOS/RTOS_Workspace/STM32_FreeRTOS_Tasks_Delete/Third-Party/FreeRTOS/org/Source/portable/GCC/ARM_CM4F" -I"D:/MS/E-Courses/Mastering RTOS/RTOS_Workspace/STM32_FreeRTOS_Tasks_Delete/StdPeriph_Driver/inc" -I"D:/MS/E-Courses/Mastering RTOS/RTOS_Workspace/STM32_FreeRTOS_Tasks_Delete/inc" -I"D:/MS/E-Courses/Mastering RTOS/RTOS_Workspace/STM32_FreeRTOS_Tasks_Delete/CMSIS/device" -I"D:/MS/E-Courses/Mastering RTOS/RTOS_Workspace/STM32_FreeRTOS_Tasks_Delete/CMSIS/core" -O0 -g3 -Wall -fmessage-length=0 -ffunction-sections -c -MMD -MP -MF"StdPeriph_Driver/src/stm32f4xx_spi.d" -MT"StdPeriph_Driver/src/stm32f4xx_spi.o" -o "StdPeriph_Driver/src/stm32f4xx_spi.o" "../StdPeriph_Driver/src/stm32f4xx_spi.c"
Invoking: MCU GCC Compiler
D:\MS\E-Courses\Mastering RTOS\RTOS_Workspace\STM32_FreeRTOS_Tasks_Delete\Debug
arm-none-eabi-gcc -mcpu=cortex-m4 -mthumb -mfloat-abi=hard -mfpu=fpv4-sp-d16 -DSTM32 -DSTM32F4 -DSTM32F446RETx -DNUCLEO_F446RE -DDEBUG -DSTM32F446xx -DUSE_STDPERIPH_DRIVER -I"D:/MS/E-Courses/Mastering RTOS/RTOS_Workspace/STM32_FreeRTOS_Tasks_Delete/Third-Party/FreeRTOS/org/Source/include" -I"D:/MS/E-Courses/Mastering RTOS/RTOS_Workspace/STM32_FreeRTOS_Tasks_Delete/Config" -I"D:/MS/E-Courses/Mastering RTOS/RTOS_Workspace/STM32_FreeRTOS_Tasks_Delete/Third-Party/FreeRTOS/org/Source/portable/GCC/ARM_CM4F" -I"D:/MS/E-Courses/Mastering RTOS/RTOS_Workspace/STM32_FreeRTOS_Tasks_Delete/StdPeriph_Driver/inc" -I"D:/MS/E-Courses/Mastering RTOS/RTOS_Workspace/STM32_FreeRTOS_Tasks_Delete/inc" -I"D:/MS/E-Courses/Mastering RTOS/RTOS_Workspace/STM32_FreeRTOS_Tasks_Delete/CMSIS/device" -I"D:/MS/E-Courses/Mastering RTOS/RTOS_Workspace/STM32_FreeRTOS_Tasks_Delete/CMSIS/core" -O0 -g3 -Wall -fmessage-length=0 -ffunction-sections -c -MMD -MP -MF"StdPeriph_Driver/src/stm32f4xx_syscfg.d" -MT"StdPeriph_Driver/src/stm32f4xx_syscfg.o" -o "StdPeriph_Driver/src/stm32f4xx_syscfg.o" "../StdPeriph_Driver/src/stm32f4xx_syscfg.c"
Finished building: ../StdPeriph_Driver/src/stm32f4xx_rcc.c
 
Building file: ../StdPeriph_Driver/src/stm32f4xx_tim.c
Invoking: MCU GCC Compiler
Finished building: ../StdPeriph_Driver/src/stm32f4xx_rng.c
Finished building: ../StdPeriph_Driver/src/stm32f4xx_sdio.c
D:\MS\E-Courses\Mastering RTOS\RTOS_Workspace\STM32_FreeRTOS_Tasks_Delete\Debug
Finished building: ../StdPeriph_Driver/src/stm32f4xx_sai.c
arm-none-eabi-gcc -mcpu=cortex-m4 -mthumb -mfloat-abi=hard -mfpu=fpv4-sp-d16 -DSTM32 -DSTM32F4 -DSTM32F446RETx -DNUCLEO_F446RE -DDEBUG -DSTM32F446xx -DUSE_STDPERIPH_DRIVER -I"D:/MS/E-Courses/Mastering RTOS/RTOS_Workspace/STM32_FreeRTOS_Tasks_Delete/Third-Party/FreeRTOS/org/Source/include" -I"D:/MS/E-Courses/Mastering RTOS/RTOS_Workspace/STM32_FreeRTOS_Tasks_Delete/Config" -I"D:/MS/E-Courses/Mastering RTOS/RTOS_Workspace/STM32_FreeRTOS_Tasks_Delete/Third-Party/FreeRTOS/org/Source/portable/GCC/ARM_CM4F" -I"D:/MS/E-Courses/Mastering RTOS/RTOS_Workspace/STM32_FreeRTOS_Tasks_Delete/StdPeriph_Driver/inc" -I"D:/MS/E-Courses/Mastering RTOS/RTOS_Workspace/STM32_FreeRTOS_Tasks_Delete/inc" -I"D:/MS/E-Courses/Mastering RTOS/RTOS_Workspace/STM32_FreeRTOS_Tasks_Delete/CMSIS/device" -I"D:/MS/E-Courses/Mastering RTOS/RTOS_Workspace/STM32_FreeRTOS_Tasks_Delete/CMSIS/core" -O0 -g3 -Wall -fmessage-length=0 -ffunction-sections -c -MMD -MP -MF"StdPeriph_Driver/src/stm32f4xx_tim.d" -MT"StdPeriph_Driver/src/stm32f4xx_tim.o" -o "StdPeriph_Driver/src/stm32f4xx_tim.o" "../StdPeriph_Driver/src/stm32f4xx_tim.c"
 
 
 
Building file: ../StdPeriph_Driver/src/stm32f4xx_usart.c
Building file: ../StdPeriph_Driver/src/stm32f4xx_wwdg.c
Invoking: MCU GCC Compiler
Finished building: ../StdPeriph_Driver/src/stm32f4xx_spdifrx.c
Invoking: MCU GCC Compiler
Finished building: ../StdPeriph_Driver/src/stm32f4xx_rtc.c
D:\MS\E-Courses\Mastering RTOS\RTOS_Workspace\STM32_FreeRTOS_Tasks_Delete\Debug
D:\MS\E-Courses\Mastering RTOS\RTOS_Workspace\STM32_FreeRTOS_Tasks_Delete\Debug
arm-none-eabi-gcc -mcpu=cortex-m4 -mthumb -mfloat-abi=hard -mfpu=fpv4-sp-d16 -DSTM32 -DSTM32F4 -DSTM32F446RETx -DNUCLEO_F446RE -DDEBUG -DSTM32F446xx -DUSE_STDPERIPH_DRIVER -I"D:/MS/E-Courses/Mastering RTOS/RTOS_Workspace/STM32_FreeRTOS_Tasks_Delete/Third-Party/FreeRTOS/org/Source/include" -I"D:/MS/E-Courses/Mastering RTOS/RTOS_Workspace/STM32_FreeRTOS_Tasks_Delete/Config" -I"D:/MS/E-Courses/Mastering RTOS/RTOS_Workspace/STM32_FreeRTOS_Tasks_Delete/Third-Party/FreeRTOS/org/Source/portable/GCC/ARM_CM4F" -I"D:/MS/E-Courses/Mastering RTOS/RTOS_Workspace/STM32_FreeRTOS_Tasks_Delete/StdPeriph_Driver/inc" -I"D:/MS/E-Courses/Mastering RTOS/RTOS_Workspace/STM32_FreeRTOS_Tasks_Delete/inc" -I"D:/MS/E-Courses/Mastering RTOS/RTOS_Workspace/STM32_FreeRTOS_Tasks_Delete/CMSIS/device" -I"D:/MS/E-Courses/Mastering RTOS/RTOS_Workspace/STM32_FreeRTOS_Tasks_Delete/CMSIS/core" -O0 -g3 -Wall -fmessage-length=0 -ffunction-sections -c -MMD -MP -MF"StdPeriph_Driver/src/stm32f4xx_wwdg.d" -MT"StdPeriph_Driver/src/stm32f4xx_wwdg.o" -o "StdPeriph_Driver/src/stm32f4xx_wwdg.o" "../StdPeriph_Driver/src/stm32f4xx_wwdg.c"
 
arm-none-eabi-gcc -mcpu=cortex-m4 -mthumb -mfloat-abi=hard -mfpu=fpv4-sp-d16 -DSTM32 -DSTM32F4 -DSTM32F446RETx -DNUCLEO_F446RE -DDEBUG -DSTM32F446xx -DUSE_STDPERIPH_DRIVER -I"D:/MS/E-Courses/Mastering RTOS/RTOS_Workspace/STM32_FreeRTOS_Tasks_Delete/Third-Party/FreeRTOS/org/Source/include" -I"D:/MS/E-Courses/Mastering RTOS/RTOS_Workspace/STM32_FreeRTOS_Tasks_Delete/Config" -I"D:/MS/E-Courses/Mastering RTOS/RTOS_Workspace/STM32_FreeRTOS_Tasks_Delete/Third-Party/FreeRTOS/org/Source/portable/GCC/ARM_CM4F" -I"D:/MS/E-Courses/Mastering RTOS/RTOS_Workspace/STM32_FreeRTOS_Tasks_Delete/StdPeriph_Driver/inc" -I"D:/MS/E-Courses/Mastering RTOS/RTOS_Workspace/STM32_FreeRTOS_Tasks_Delete/inc" -I"D:/MS/E-Courses/Mastering RTOS/RTOS_Workspace/STM32_FreeRTOS_Tasks_Delete/CMSIS/device" -I"D:/MS/E-Courses/Mastering RTOS/RTOS_Workspace/STM32_FreeRTOS_Tasks_Delete/CMSIS/core" -O0 -g3 -Wall -fmessage-length=0 -ffunction-sections -c -MMD -MP -MF"StdPeriph_Driver/src/stm32f4xx_usart.d" -MT"StdPeriph_Driver/src/stm32f4xx_usart.o" -o "StdPeriph_Driver/src/stm32f4xx_usart.o" "../StdPeriph_Driver/src/stm32f4xx_usart.c"
 
Finished building: ../StdPeriph_Driver/src/stm32f4xx_spi.c
 
Finished building: ../StdPeriph_Driver/src/stm32f4xx_syscfg.c
 
Finished building: ../StdPeriph_Driver/src/stm32f4xx_wwdg.c
 
Finished building: ../StdPeriph_Driver/src/stm32f4xx_usart.c
 
Finished building: ../StdPeriph_Driver/src/stm32f4xx_tim.c
 
Building target: STM32_FreeRTOS_Tasks_Delete.elf
Invoking: MCU GCC Linker
arm-none-eabi-gcc -mcpu=cortex-m4 -mthumb -mfloat-abi=hard -mfpu=fpv4-sp-d16 -T"D:/MS/E-Courses/Mastering RTOS/RTOS_Workspace/STM32_FreeRTOS_Tasks_Delete/LinkerScript.ld" -Wl,-Map=output.map -Wl,--gc-sections -o "STM32_FreeRTOS_Tasks_Delete.elf" @"objects.list"   -lm
Finished building target: STM32_FreeRTOS_Tasks_Delete.elf
 
make --no-print-directory post-build
Generating binary and Printing size information:
arm-none-eabi-objcopy -O binary "STM32_FreeRTOS_Tasks_Delete.elf" "STM32_FreeRTOS_Tasks_Delete.bin"
arm-none-eabi-size "STM32_FreeRTOS_Tasks_Delete.elf"
   text	   data	    bss	    dec	    hex	filename
   9904	   1120	  78444	  89468	  15d7c	STM32_FreeRTOS_Tasks_Delete.elf
 

16:00:08 Build Finished (took 6s.857ms)

